Archive member included to satisfy reference by file (symbol)

c:/users/mihay002/desktop/eclipse/plugins/fr.ac6.mcu.externaltools.arm-none.win32_1.16.0.201807130628/tools/compiler/bin/../lib/gcc/arm-none-eabi/7.2.1/../../../../arm-none-eabi/lib/thumb/v7e-m/fpv4-sp/hard\libm.a(lib_a-w_sqrt.o)
                              Src/MadgwickAHRS.o (sqrt)
c:/users/mihay002/desktop/eclipse/plugins/fr.ac6.mcu.externaltools.arm-none.win32_1.16.0.201807130628/tools/compiler/bin/../lib/gcc/arm-none-eabi/7.2.1/../../../../arm-none-eabi/lib/thumb/v7e-m/fpv4-sp/hard\libm.a(lib_a-wf_asin.o)
                              Src/main.o (asinf)
c:/users/mihay002/desktop/eclipse/plugins/fr.ac6.mcu.externaltools.arm-none.win32_1.16.0.201807130628/tools/compiler/bin/../lib/gcc/arm-none-eabi/7.2.1/../../../../arm-none-eabi/lib/thumb/v7e-m/fpv4-sp/hard\libm.a(lib_a-wf_atan2.o)
                              Src/main.o (atan2f)
c:/users/mihay002/desktop/eclipse/plugins/fr.ac6.mcu.externaltools.arm-none.win32_1.16.0.201807130628/tools/compiler/bin/../lib/gcc/arm-none-eabi/7.2.1/../../../../arm-none-eabi/lib/thumb/v7e-m/fpv4-sp/hard\libm.a(lib_a-wf_sqrt.o)
                              Src/MadgwickAHRS.o (sqrtf)
c:/users/mihay002/desktop/eclipse/plugins/fr.ac6.mcu.externaltools.arm-none.win32_1.16.0.201807130628/tools/compiler/bin/../lib/gcc/arm-none-eabi/7.2.1/../../../../arm-none-eabi/lib/thumb/v7e-m/fpv4-sp/hard\libm.a(lib_a-e_sqrt.o)
                              c:/users/mihay002/desktop/eclipse/plugins/fr.ac6.mcu.externaltools.arm-none.win32_1.16.0.201807130628/tools/compiler/bin/../lib/gcc/arm-none-eabi/7.2.1/../../../../arm-none-eabi/lib/thumb/v7e-m/fpv4-sp/hard\libm.a(lib_a-w_sqrt.o) (__ieee754_sqrt)
c:/users/mihay002/desktop/eclipse/plugins/fr.ac6.mcu.externaltools.arm-none.win32_1.16.0.201807130628/tools/compiler/bin/../lib/gcc/arm-none-eabi/7.2.1/../../../../arm-none-eabi/lib/thumb/v7e-m/fpv4-sp/hard\libm.a(lib_a-ef_asin.o)
                              c:/users/mihay002/desktop/eclipse/plugins/fr.ac6.mcu.externaltools.arm-none.win32_1.16.0.201807130628/tools/compiler/bin/../lib/gcc/arm-none-eabi/7.2.1/../../../../arm-none-eabi/lib/thumb/v7e-m/fpv4-sp/hard\libm.a(lib_a-wf_asin.o) (__ieee754_asinf)
c:/users/mihay002/desktop/eclipse/plugins/fr.ac6.mcu.externaltools.arm-none.win32_1.16.0.201807130628/tools/compiler/bin/../lib/gcc/arm-none-eabi/7.2.1/../../../../arm-none-eabi/lib/thumb/v7e-m/fpv4-sp/hard\libm.a(lib_a-ef_atan2.o)
                              c:/users/mihay002/desktop/eclipse/plugins/fr.ac6.mcu.externaltools.arm-none.win32_1.16.0.201807130628/tools/compiler/bin/../lib/gcc/arm-none-eabi/7.2.1/../../../../arm-none-eabi/lib/thumb/v7e-m/fpv4-sp/hard\libm.a(lib_a-wf_atan2.o) (__ieee754_atan2f)
c:/users/mihay002/desktop/eclipse/plugins/fr.ac6.mcu.externaltools.arm-none.win32_1.16.0.201807130628/tools/compiler/bin/../lib/gcc/arm-none-eabi/7.2.1/../../../../arm-none-eabi/lib/thumb/v7e-m/fpv4-sp/hard\libm.a(lib_a-ef_sqrt.o)
                              c:/users/mihay002/desktop/eclipse/plugins/fr.ac6.mcu.externaltools.arm-none.win32_1.16.0.201807130628/tools/compiler/bin/../lib/gcc/arm-none-eabi/7.2.1/../../../../arm-none-eabi/lib/thumb/v7e-m/fpv4-sp/hard\libm.a(lib_a-wf_sqrt.o) (__ieee754_sqrtf)
c:/users/mihay002/desktop/eclipse/plugins/fr.ac6.mcu.externaltools.arm-none.win32_1.16.0.201807130628/tools/compiler/bin/../lib/gcc/arm-none-eabi/7.2.1/../../../../arm-none-eabi/lib/thumb/v7e-m/fpv4-sp/hard\libm.a(lib_a-s_lib_ver.o)
                              c:/users/mihay002/desktop/eclipse/plugins/fr.ac6.mcu.externaltools.arm-none.win32_1.16.0.201807130628/tools/compiler/bin/../lib/gcc/arm-none-eabi/7.2.1/../../../../arm-none-eabi/lib/thumb/v7e-m/fpv4-sp/hard\libm.a(lib_a-w_sqrt.o) (__fdlib_version)
c:/users/mihay002/desktop/eclipse/plugins/fr.ac6.mcu.externaltools.arm-none.win32_1.16.0.201807130628/tools/compiler/bin/../lib/gcc/arm-none-eabi/7.2.1/../../../../arm-none-eabi/lib/thumb/v7e-m/fpv4-sp/hard\libm.a(lib_a-s_matherr.o)
                              c:/users/mihay002/desktop/eclipse/plugins/fr.ac6.mcu.externaltools.arm-none.win32_1.16.0.201807130628/tools/compiler/bin/../lib/gcc/arm-none-eabi/7.2.1/../../../../arm-none-eabi/lib/thumb/v7e-m/fpv4-sp/hard\libm.a(lib_a-w_sqrt.o) (matherr)
c:/users/mihay002/desktop/eclipse/plugins/fr.ac6.mcu.externaltools.arm-none.win32_1.16.0.201807130628/tools/compiler/bin/../lib/gcc/arm-none-eabi/7.2.1/../../../../arm-none-eabi/lib/thumb/v7e-m/fpv4-sp/hard\libm.a(lib_a-s_nan.o)
                              c:/users/mihay002/desktop/eclipse/plugins/fr.ac6.mcu.externaltools.arm-none.win32_1.16.0.201807130628/tools/compiler/bin/../lib/gcc/arm-none-eabi/7.2.1/../../../../arm-none-eabi/lib/thumb/v7e-m/fpv4-sp/hard\libm.a(lib_a-wf_asin.o) (nan)
c:/users/mihay002/desktop/eclipse/plugins/fr.ac6.mcu.externaltools.arm-none.win32_1.16.0.201807130628/tools/compiler/bin/../lib/gcc/arm-none-eabi/7.2.1/../../../../arm-none-eabi/lib/thumb/v7e-m/fpv4-sp/hard\libm.a(lib_a-sf_atan.o)
[...]
Memory Configuration

Name             Origin             Length             Attributes
RAM              0x20000000         0x00020000         xrw
FLASH            0x08000000         0x00080000         xr
*default*        0x00000000         0xffffffff

Linker script and memory map

LOAD c:/users/mihay002/desktop/eclipse/plugins/fr.ac6.mcu.externaltools.arm-none.win32_1.16.0.201807130628/tools/compiler/bin/../lib/gcc/arm-none-eabi/7.2.1/thumb/v7e-m/fpv4-sp/hard/crti.o
LOAD c:/users/mihay002/desktop/eclipse/plugins/fr.ac6.mcu.externaltools.arm-none.win32_1.16.0.201807130628/tools/compiler/bin/../lib/gcc/arm-none-eabi/7.2.1/thumb/v7e-m/fpv4-sp/hard/crtbegin.o
LOAD c:/users/mihay002/desktop/eclipse/plugins/fr.ac6.mcu.externaltools.arm-none.win32_1.16.0.201807130628/tools/compiler/bin/../lib/gcc/arm-none-eabi/7.2.1/../../../../arm-none-eabi/lib/thumb/v7e-m/fpv4-sp/hard/crt0.o
LOAD Drivers/STM32F4xx_HAL_Driver/Src/stm32f4xx_hal.o
LOAD Drivers/STM32F4xx_HAL_Driver/Src/stm32f4xx_hal_cortex.o
LOAD Drivers/STM32F4xx_HAL_Driver/Src/stm32f4xx_hal_dma.o
LOAD Drivers/STM32F4xx_HAL_Driver/Src/stm32f4xx_hal_dma_ex.o
LOAD Drivers/STM32F4xx_HAL_Driver/Src/stm32f4xx_hal_flash.o
LOAD Drivers/STM32F4xx_HAL_Driver/Src/stm32f4xx_hal_flash_ex.o
LOAD Drivers/STM32F4xx_HAL_Driver/Src/stm32f4xx_hal_flash_ramfunc.o
LOAD Drivers/STM32F4xx_HAL_Driver/Src/stm32f4xx_hal_gpio.o
LOAD Drivers/STM32F4xx_HAL_Driver/Src/stm32f4xx_hal_hcd.o
LOAD Drivers/STM32F4xx_HAL_Driver/Src/stm32f4xx_hal_i2c.o
LOAD Drivers/STM32F4xx_HAL_Driver/Src/stm32f4xx_hal_i2c_ex.o
LOAD Drivers/STM32F4xx_HAL_Driver/Src/stm32f4xx_hal_i2s.o
LOAD Drivers/STM32F4xx_HAL_Driver/Src/stm32f4xx_hal_i2s_ex.o
LOAD Drivers/STM32F4xx_HAL_Driver/Src/stm32f4xx_hal_pwr.o
LOAD Drivers/STM32F4xx_HAL_Driver/Src/stm32f4xx_hal_pwr_ex.o
LOAD Drivers/STM32F4xx_HAL_Driver/Src/stm32f4xx_hal_rcc.o
LOAD Drivers/STM32F4xx_HAL_Driver/Src/stm32f4xx_hal_rcc_ex.o
LOAD Drivers/STM32F4xx_HAL_Driver/Src/stm32f4xx_hal_spi.o
LOAD Drivers/STM32F4xx_HAL_Driver/Src/stm32f4xx_hal_tim.o
LOAD Drivers/STM32F4xx_HAL_Driver/Src/stm32f4xx_hal_tim_ex.o
LOAD Drivers/STM32F4xx_HAL_Driver/Src/stm32f4xx_ll_usb.o
LOAD Middlewares/Third_Party/FreeRTOS/Source/CMSIS_RTOS/cmsis_os.o
LOAD Middlewares/Third_Party/FreeRTOS/Source/croutine.o
LOAD Middlewares/Third_Party/FreeRTOS/Source/event_groups.o
LOAD Middlewares/Third_Party/FreeRTOS/Source/list.o
LOAD Middlewares/Third_Party/FreeRTOS/Source/queue.o
LOAD Middlewares/Third_Party/FreeRTOS/Source/tasks.o
LOAD Middlewares/Third_Party/FreeRTOS/Source/timers.o
LOAD Middlewares/Third_Party/FreeRTOS/Source/portable/GCC/ARM_CM4F/port.o
LOAD Middlewares/Third_Party/FreeRTOS/Source/portable/MemMang/heap_4.o
LOAD Src/L3GD20.o
LOAD Src/MadgwickAHRS.o
LOAD Src/freertos.o
LOAD Src/main.o
LOAD Src/stm32f4xx_hal_msp.o
LOAD Src/stm32f4xx_hal_timebase_TIM.o
LOAD Src/stm32f4xx_it.o
LOAD Src/system_stm32f4xx.o
LOAD startup/startup_stm32f411xe.o
LOAD c:/users/mihay002/desktop/eclipse/plugins/fr.ac6.mcu.externaltools.arm-none.win32_1.16.0.201807130628/tools/compiler/bin/../lib/gcc/arm-none-eabi/7.2.1/../../../../arm-none-eabi/lib/thumb/v7e-m/fpv4-sp/hard\libm.a
START GROUP
LOAD c:/users/mihay002/desktop/eclipse/plugins/fr.ac6.mcu.externaltools.arm-none.win32_1.16.0.201807130628/tools/compiler/bin/../lib/gcc/arm-none-eabi/7.2.1/thumb/v7e-m/fpv4-sp/hard\libgcc.a
LOAD c:/users/mihay002/desktop/eclipse/plugins/fr.ac6.mcu.externaltools.arm-none.win32_1.16.0.201807130628/tools/compiler/bin/../lib/gcc/arm-none-eabi/7.2.1/../../../../arm-none-eabi/lib/thumb/v7e-m/fpv4-sp/hard\libc_nano.a
END GROUP
START GROUP
LOAD c:/users/mihay002/desktop/eclipse/plugins/fr.ac6.mcu.externaltools.arm-none.win32_1.16.0.201807130628/tools/compiler/bin/../lib/gcc/arm-none-eabi/7.2.1/thumb/v7e-m/fpv4-sp/hard\libgcc.a
LOAD c:/users/mihay002/desktop/eclipse/plugins/fr.ac6.mcu.externaltools.arm-none.win32_1.16.0.201807130628/tools/compiler/bin/../lib/gcc/arm-none-eabi/7.2.1/../../../../arm-none-eabi/lib/thumb/v7e-m/fpv4-sp/hard\libc_nano.a
LOAD c:/users/mihay002/desktop/eclipse/plugins/fr.ac6.mcu.externaltools.arm-none.win32_1.16.0.201807130628/tools/compiler/bin/../lib/gcc/arm-none-eabi/7.2.1/../../../../arm-none-eabi/lib/thumb/v7e-m/fpv4-sp/hard\libnosys.a
END GROUP
START GROUP
LOAD c:/users/mihay002/desktop/eclipse/plugins/fr.ac6.mcu.externaltools.arm-none.win32_1.16.0.201807130628/tools/compiler/bin/../lib/gcc/arm-none-eabi/7.2.1/thumb/v7e-m/fpv4-sp/hard\libgcc.a
LOAD c:/users/mihay002/desktop/eclipse/plugins/fr.ac6.mcu.externaltools.arm-none.win32_1.16.0.201807130628/tools/compiler/bin/../lib/gcc/arm-none-eabi/7.2.1/../../../../arm-none-eabi/lib/thumb/v7e-m/fpv4-sp/hard\libc_nano.a
LOAD c:/users/mihay002/desktop/eclipse/plugins/fr.ac6.mcu.externaltools.arm-none.win32_1.16.0.201807130628/tools/compiler/bin/../lib/gcc/arm-none-eabi/7.2.1/../../../../arm-none-eabi/lib/thumb/v7e-m/fpv4-sp/hard\libnosys.a
END GROUP
LOAD c:/users/mihay002/desktop/eclipse/plugins/fr.ac6.mcu.externaltools.arm-none.win32_1.16.0.201807130628/tools/compiler/bin/../lib/gcc/arm-none-eabi/7.2.1/thumb/v7e-m/fpv4-sp/hard/crtend.o
LOAD c:/users/mihay002/desktop/eclipse/plugins/fr.ac6.mcu.externaltools.arm-none.win32_1.16.0.201807130628/tools/compiler/bin/../lib/gcc/arm-none-eabi/7.2.1/thumb/v7e-m/fpv4-sp/hard/crtn.o
                0x20020000                _estack = 0x20020000
                0x00000200                _Min_Heap_Size = 0x200
                0x00000400                _Min_Stack_Size = 0x400

.isr_vector     0x08000000      0x198
                0x08000000                . = ALIGN (0x4)
 *(.isr_vector)
 .isr_vector    0x08000000      0x198 startup/startup_stm32f411xe.o
                0x08000000                g_pfnVectors
                0x08000198                . = ALIGN (0x4)

.text           0x080001a0     0x6d68
                0x080001a0                . = ALIGN (0x4)
 *(.text)
 .text          0x080001a0       0x40 c:/users/mihay002/desktop/eclipse/plugins/fr.ac6.mcu.externaltools.arm-none.win32_1.16.0.201807130628/tools/compiler/bin/../lib/gcc/arm-none-eabi/7.2.1/thumb/v7e-m/fpv4-sp/hard/crtbegin.o
 .text          0x080001e0      0x378 c:/users/mihay002/desktop/eclipse/plugins/fr.ac6.mcu.externaltools.arm-none.win32_1.16.0.201807130628/tools/compiler/bin/../lib/gcc/arm-none-eabi/7.2.1/thumb/v7e-m/fpv4-sp/hard\libgcc.a(_arm_addsubdf3.o)
                0x080001e0                __aeabi_drsub
                0x080001e8                __aeabi_dsub
                0x080001e8                __subdf3
                0x080001ec                __aeabi_dadd
                0x080001ec                __adddf3
                0x08000464                __floatunsidf
                0x08000464                __aeabi_ui2d
                0x08000484                __floatsidf
                0x08000484                __aeabi_i2d
                0x080004a8                __aeabi_f2d
                0x080004a8                __extendsfdf2
                0x080004ec                __floatundidf
                0x080004ec                __aeabi_ul2d
                0x080004fc                __floatdidf
                0x080004fc                __aeabi_l2d
 .text          0x08000558      0x424 c:/users/mihay002/desktop/eclipse/plugins/fr.ac6.mcu.externaltools.arm-none.win32_1.16.0.201807130628/tools/compiler/bin/../lib/gcc/arm-none-eabi/7.2.1/thumb/v7e-m/fpv4-sp/hard\libgcc.a(_arm_muldivdf3.o)
                0x08000558                __aeabi_dmul
                0x08000558                __muldf3
                0x080007ac                __divdf3
                0x080007ac                __aeabi_ddiv
 .text          0x0800097c      0x110 c:/users/mihay002/desktop/eclipse/plugins/fr.ac6.mcu.externaltools.arm-none.win32_1.16.0.201807130628/tools/compiler/bin/../lib/gcc/arm-none-eabi/7.2.1/thumb/v7e-m/fpv4-sp/hard\libgcc.a(_arm_cmpdf2.o)
                0x0800097c                __gtdf2
                0x0800097c                __gedf2
                0x08000984                __ltdf2
                0x08000984                __ledf2
                0x0800098c                __nedf2
                0x0800098c                __eqdf2
                0x0800098c                __cmpdf2
                0x08000a08                __aeabi_cdrcmple
                0x08000a18                __aeabi_cdcmpeq
                0x08000a18                __aeabi_cdcmple
                0x08000a28                __aeabi_dcmpeq
                0x08000a3c                __aeabi_dcmplt
                0x08000a50                __aeabi_dcmple
                0x08000a64                __aeabi_dcmpge
                0x08000a78                __aeabi_dcmpgt
 .text          0x08000a8c       0x2c c:/users/mihay002/desktop/eclipse/plugins/fr.ac6.mcu.externaltools.arm-none.win32_1.16.0.201807130628/tools/compiler/bin/../lib/gcc/arm-none-eabi/7.2.1/thumb/v7e-m/fpv4-sp/hard\libgcc.a(_arm_unorddf2.o)
                0x08000a8c                __unorddf2
                0x08000a8c                __aeabi_dcmpun
 .text          0x08000ab8       0xa0 c:/users/mihay002/desktop/eclipse/plugins/fr.ac6.mcu.externaltools.arm-none.win32_1.16.0.201807130628/tools/compiler/bin/../lib/gcc/arm-none-eabi/7.2.1/thumb/v7e-m/fpv4-sp/hard\libgcc.a(_arm_truncdfsf2.o)
                0x08000ab8                __truncdfsf2
                0x08000ab8                __aeabi_d2f
 .text          0x08000b58       0x30 c:/users/mihay002/desktop/eclipse/plugins/fr.ac6.mcu.externaltools.arm-none.win32_1.16.0.201807130628/tools/compiler/bin/../lib/gcc/arm-none-eabi/7.2.1/thumb/v7e-m/fpv4-sp/hard\libgcc.a(_aeabi_uldivmod.o)
                0x08000b58                __aeabi_uldivmod
 .text          0x08000b88      0x2cc c:/users/mihay002/desktop/eclipse/plugins/fr.ac6.mcu.externaltools.arm-none.win32_1.16.0.201807130628/tools/compiler/bin/../lib/gcc/arm-none-eabi/7.2.1/thumb/v7e-m/fpv4-sp/hard\libgcc.a(_udivmoddi4.o)
                0x08000b88                __udivmoddi4
 .text          0x08000e54        0x4 c:/users/mihay002/desktop/eclipse/plugins/fr.ac6.mcu.externaltools.arm-none.win32_1.16.0.201807130628/tools/compiler/bin/../lib/gcc/arm-none-eabi/7.2.1/thumb/v7e-m/fpv4-sp/hard\libgcc.a(_dvmd_tls.o)
                0x08000e54                __aeabi_idiv0
                0x08000e54                __aeabi_ldiv0
 *(.text*)
 .text.HAL_Init
                0x08000e58       0x34 Drivers/STM32F4xx_HAL_Driver/Src/stm32f4xx_hal.o
                0x08000e58                HAL_Init
 .text.HAL_IncTick
                0x08000e8c       0x18 Drivers/STM32F4xx_HAL_Driver/Src/stm32f4xx_hal.o
                0x08000e8c                HAL_IncTick
 .text.HAL_GetTick
                0x08000ea4        0xc Drivers/STM32F4xx_HAL_Driver/Src/stm32f4xx_hal.o
                0x08000ea4                HAL_GetTick
 .text.HAL_Delay
                0x08000eb0       0x28 Drivers/STM32F4xx_HAL_Driver/Src/stm32f4xx_hal.o
                0x08000eb0                HAL_Delay
 .text.HAL_NVIC_SetPriorityGrouping
                0x08000ed8       0x24 Drivers/STM32F4xx_HAL_Driver/Src/stm32f4xx_hal_cortex.o
                0x08000ed8                HAL_NVIC_SetPriorityGrouping
 .text.HAL_NVIC_SetPriority
                0x08000efc       0x68 Drivers/STM32F4xx_HAL_Driver/Src/stm32f4xx_hal_cortex.o
                0x08000efc                HAL_NVIC_SetPriority
 .text.HAL_NVIC_EnableIRQ
                0x08000f64       0x18 Drivers/STM32F4xx_HAL_Driver/Src/stm32f4xx_hal_cortex.o
                0x08000f64                HAL_NVIC_EnableIRQ
 .text.HAL_SYSTICK_Config
                0x08000f7c       0x2c Drivers/STM32F4xx_HAL_Driver/Src/stm32f4xx_hal_cortex.o
                0x08000f7c                HAL_SYSTICK_Config
 .text.HAL_SYSTICK_CLKSourceConfig
                0x08000fa8       0x20 Drivers/STM32F4xx_HAL_Driver/Src/stm32f4xx_hal_cortex.o
                0x08000fa8                HAL_SYSTICK_CLKSourceConfig
 .text.HAL_GPIO_Init
                0x08000fc8      0x1a4 Drivers/STM32F4xx_HAL_Driver/Src/stm32f4xx_hal_gpio.o
                0x08000fc8                HAL_GPIO_Init
 .text.HAL_GPIO_WritePin
                0x0800116c        0xc Drivers/STM32F4xx_HAL_Driver/Src/stm32f4xx_hal_gpio.o
                0x0800116c                HAL_GPIO_WritePin
 .text.HCD_RXQLVL_IRQHandler
                0x08001178       0x7c Drivers/STM32F4xx_HAL_Driver/Src/stm32f4xx_hal_hcd.o
 .text.HAL_HCD_Init
                0x080011f4       0x78 Drivers/STM32F4xx_HAL_Driver/Src/stm32f4xx_hal_hcd.o
                0x080011f4                HAL_HCD_Init
 .text.HAL_HCD_SOF_Callback
                0x0800126c        0x2 Drivers/STM32F4xx_HAL_Driver/Src/stm32f4xx_hal_hcd.o
                0x0800126c                HAL_HCD_SOF_Callback
 .text.HAL_HCD_Connect_Callback
                0x0800126e        0x2 Drivers/STM32F4xx_HAL_Driver/Src/stm32f4xx_hal_hcd.o
                0x0800126e                HAL_HCD_Connect_Callback
 .text.HCD_Port_IRQHandler
                0x08001270       0xc8 Drivers/STM32F4xx_HAL_Driver/Src/stm32f4xx_hal_hcd.o
 .text.HAL_HCD_Disconnect_Callback
                0x08001338        0x2 Drivers/STM32F4xx_HAL_Driver/Src/stm32f4xx_hal_hcd.o
                0x08001338                HAL_HCD_Disconnect_Callback
 .text.HAL_HCD_HC_NotifyURBChange_Callback
                0x0800133a        0x2 Drivers/STM32F4xx_HAL_Driver/Src/stm32f4xx_hal_hcd.o
                0x0800133a                HAL_HCD_HC_NotifyURBChange_Callback
 .text.HCD_HC_IN_IRQHandler
                0x0800133c      0x28c Drivers/STM32F4xx_HAL_Driver/Src/stm32f4xx_hal_hcd.o
 .text.HCD_HC_OUT_IRQHandler
                0x080015c8      0x29e Drivers/STM32F4xx_HAL_Driver/Src/stm32f4xx_hal_hcd.o
 .text.HAL_HCD_IRQHandler
                0x08001866      0x142 Drivers/STM32F4xx_HAL_Driver/Src/stm32f4xx_hal_hcd.o
                0x08001866                HAL_HCD_IRQHandler
 .text.I2C_IsAcknowledgeFailed
                0x080019a8       0x2a Drivers/STM32F4xx_HAL_Driver/Src/stm32f4xx_hal_i2c.o
 .text.I2C_WaitOnFlagUntilTimeout
                0x080019d2       0x68 Drivers/STM32F4xx_HAL_Driver/Src/stm32f4xx_hal_i2c.o
 .text.I2C_WaitOnMasterAddressFlagUntilTimeout
                0x08001a3a       0x90 Drivers/STM32F4xx_HAL_Driver/Src/stm32f4xx_hal_i2c.o
 *fill*         0x08001aca        0x2 
 .text.I2C_MasterRequestWrite
                0x08001acc       0xbc Drivers/STM32F4xx_HAL_Driver/Src/stm32f4xx_hal_i2c.o
 .text.I2C_MasterRequestRead
                0x08001b88      0x120 Drivers/STM32F4xx_HAL_Driver/Src/stm32f4xx_hal_i2c.o
 .text.I2C_WaitOnTXEFlagUntilTimeout
                0x08001ca8       0x4e Drivers/STM32F4xx_HAL_Driver/Src/stm32f4xx_hal_i2c.o
 .text.I2C_WaitOnBTFFlagUntilTimeout
                0x08001cf6       0x4e Drivers/STM32F4xx_HAL_Driver/Src/stm32f4xx_hal_i2c.o
 .text.I2C_WaitOnRXNEFlagUntilTimeout
                0x08001d44       0x5c Drivers/STM32F4xx_HAL_Driver/Src/stm32f4xx_hal_i2c.o
 .text.HAL_I2C_Init
                0x08001da0      0x11c Drivers/STM32F4xx_HAL_Driver/Src/stm32f4xx_hal_i2c.o
                0x08001da0                HAL_I2C_Init
 .text.HAL_I2C_Master_Transmit
                0x08001ebc      0x184 Drivers/STM32F4xx_HAL_Driver/Src/stm32f4xx_hal_i2c.o
                0x08001ebc                HAL_I2C_Master_Transmit
 .text.HAL_I2C_Master_Receive
                0x08002040      0x2e8 Drivers/STM32F4xx_HAL_Driver/Src/stm32f4xx_hal_i2c.o
                0x08002040                HAL_I2C_Master_Receive
 .text.HAL_I2S_TxCpltCallback
                0x08002328        0x2 Drivers/STM32F4xx_HAL_Driver/Src/stm32f4xx_hal_i2s.o
                0x08002328                HAL_I2S_TxCpltCallback
 .text.I2S_Transmit_IT
                0x0800232a       0x38 Drivers/STM32F4xx_HAL_Driver/Src/stm32f4xx_hal_i2s.o
 .text.HAL_I2S_RxCpltCallback
                0x08002362        0x2 Drivers/STM32F4xx_HAL_Driver/Src/stm32f4xx_hal_i2s.o
                0x08002362                HAL_I2S_RxCpltCallback
 .text.I2S_Receive_IT
                0x08002364       0x38 Drivers/STM32F4xx_HAL_Driver/Src/stm32f4xx_hal_i2s.o
 .text.HAL_I2S_ErrorCallback
                0x0800239c        0x2 Drivers/STM32F4xx_HAL_Driver/Src/stm32f4xx_hal_i2s.o
                0x0800239c                HAL_I2S_ErrorCallback
 *fill*         0x0800239e        0x2 
 .text.HAL_I2S_Init
                0x080023a0      0x194 Drivers/STM32F4xx_HAL_Driver/Src/stm32f4xx_hal_i2s.o
                0x080023a0                HAL_I2S_Init
 .text.I2S_IRQHandler
                0x08002534       0xd8 Drivers/STM32F4xx_HAL_Driver/Src/stm32f4xx_hal_i2s.o
 .text.HAL_I2SEx_TxRxCpltCallback
                0x0800260c        0x2 Drivers/STM32F4xx_HAL_Driver/Src/stm32f4xx_hal_i2s_ex.o
                0x0800260c                HAL_I2SEx_TxRxCpltCallback
 *fill*         0x0800260e        0x2 
 .text.I2SEx_FullDuplexTx_IT
                0x08002610       0xa0 Drivers/STM32F4xx_HAL_Driver/Src/stm32f4xx_hal_i2s_ex.o
 .text.I2SEx_FullDuplexRx_IT
                0x080026b0       0xa0 Drivers/STM32F4xx_HAL_Driver/Src/stm32f4xx_hal_i2s_ex.o
 .text.HAL_I2SEx_FullDuplex_IRQHandler
                0x08002750      0x208 Drivers/STM32F4xx_HAL_Driver/Src/stm32f4xx_hal_i2s_ex.o
                0x08002750                HAL_I2SEx_FullDuplex_IRQHandler
 .text.HAL_RCC_OscConfig
                0x08002958      0x398 Drivers/STM32F4xx_HAL_Driver/Src/stm32f4xx_hal_rcc.o
                0x08002958                HAL_RCC_OscConfig
 .text.HAL_RCC_GetSysClockFreq
                0x08002cf0       0xd8 Drivers/STM32F4xx_HAL_Driver/Src/stm32f4xx_hal_rcc.o
                0x08002cf0                HAL_RCC_GetSysClockFreq
 .text.HAL_RCC_ClockConfig
                0x08002dc8      0x158 Drivers/STM32F4xx_HAL_Driver/Src/stm32f4xx_hal_rcc.o
                0x08002dc8                HAL_RCC_ClockConfig
 .text.HAL_RCC_GetHCLKFreq
                0x08002f20        0xc Drivers/STM32F4xx_HAL_Driver/Src/stm32f4xx_hal_rcc.o
                0x08002f20                HAL_RCC_GetHCLKFreq
 .text.HAL_RCC_GetPCLK1Freq
                0x08002f2c       0x20 Drivers/STM32F4xx_HAL_Driver/Src/stm32f4xx_hal_rcc.o
                0x08002f2c                HAL_RCC_GetPCLK1Freq
 .text.HAL_RCC_GetPCLK2Freq
                0x08002f4c       0x20 Drivers/STM32F4xx_HAL_Driver/Src/stm32f4xx_hal_rcc.o
                0x08002f4c                HAL_RCC_GetPCLK2Freq
 .text.HAL_RCC_GetClockConfig
                0x08002f6c       0x3c Drivers/STM32F4xx_HAL_Driver/Src/stm32f4xx_hal_rcc.o
                0x08002f6c                HAL_RCC_GetClockConfig
 .text.HAL_RCCEx_PeriphCLKConfig
                0x08002fa8      0x170 Drivers/STM32F4xx_HAL_Driver/Src/stm32f4xx_hal_rcc_ex.o
                0x08002fa8                HAL_RCCEx_PeriphCLKConfig
 .text.HAL_RCCEx_GetPeriphCLKFreq
                0x08003118       0x78 Drivers/STM32F4xx_HAL_Driver/Src/stm32f4xx_hal_rcc_ex.o
                0x08003118                HAL_RCCEx_GetPeriphCLKFreq
 .text.SPI_WaitFlagStateUntilTimeout
                0x08003190       0x96 Drivers/STM32F4xx_HAL_Driver/Src/stm32f4xx_hal_spi.o
 .text.SPI_CheckFlag_BSY
                0x08003226       0x28 Drivers/STM32F4xx_HAL_Driver/Src/stm32f4xx_hal_spi.o
 .text.HAL_SPI_Init
                0x0800324e       0x80 Drivers/STM32F4xx_HAL_Driver/Src/stm32f4xx_hal_spi.o
                0x0800324e                HAL_SPI_Init
 .text.HAL_SPI_Transmit
                0x080032ce      0x1a6 Drivers/STM32F4xx_HAL_Driver/Src/stm32f4xx_hal_spi.o
                0x080032ce                HAL_SPI_Transmit
 .text.HAL_SPI_TransmitReceive
                0x08003474      0x238 Drivers/STM32F4xx_HAL_Driver/Src/stm32f4xx_hal_spi.o
                0x08003474                HAL_SPI_TransmitReceive
 .text.HAL_SPI_Receive
                0x080036ac      0x168 Drivers/STM32F4xx_HAL_Driver/Src/stm32f4xx_hal_spi.o
                0x080036ac                HAL_SPI_Receive
 .text.HAL_TIM_Base_MspInit
                0x08003814        0x2 Drivers/STM32F4xx_HAL_Driver/Src/stm32f4xx_hal_tim.o
                0x08003814                HAL_TIM_Base_MspInit
 .text.HAL_TIM_Base_Start_IT
                0x08003816       0x18 Drivers/STM32F4xx_HAL_Driver/Src/stm32f4xx_hal_tim.o
                0x08003816                HAL_TIM_Base_Start_IT
 .text.HAL_TIM_OC_DelayElapsedCallback
                0x0800382e        0x2 Drivers/STM32F4xx_HAL_Driver/Src/stm32f4xx_hal_tim.o
                0x0800382e                HAL_TIM_OC_DelayElapsedCallback
 .text.HAL_TIM_IC_CaptureCallback
                0x08003830        0x2 Drivers/STM32F4xx_HAL_Driver/Src/stm32f4xx_hal_tim.o
                0x08003830                HAL_TIM_IC_CaptureCallback
 .text.HAL_TIM_PWM_PulseFinishedCallback
                0x08003832        0x2 Drivers/STM32F4xx_HAL_Driver/Src/stm32f4xx_hal_tim.o
                0x08003832                HAL_TIM_PWM_PulseFinishedCallback
 .text.HAL_TIM_TriggerCallback
                0x08003834        0x2 Drivers/STM32F4xx_HAL_Driver/Src/stm32f4xx_hal_tim.o
                0x08003834                HAL_TIM_TriggerCallback
 .text.HAL_TIM_IRQHandler
                0x08003836      0x17a Drivers/STM32F4xx_HAL_Driver/Src/stm32f4xx_hal_tim.o
                0x08003836                HAL_TIM_IRQHandler
 .text.TIM_Base_SetConfig
                0x080039b0       0x94 Drivers/STM32F4xx_HAL_Driver/Src/stm32f4xx_hal_tim.o
                0x080039b0                TIM_Base_SetConfig
 .text.HAL_TIM_Base_Init
                0x08003a44       0x32 Drivers/STM32F4xx_HAL_Driver/Src/stm32f4xx_hal_tim.o
                0x08003a44                HAL_TIM_Base_Init
 .text.HAL_TIMEx_CommutationCallback
                0x08003a76        0x2 Drivers/STM32F4xx_HAL_Driver/Src/stm32f4xx_hal_tim_ex.o
                0x08003a76                HAL_TIMEx_CommutationCallback
 .text.HAL_TIMEx_BreakCallback
                0x08003a78        0x2 Drivers/STM32F4xx_HAL_Driver/Src/stm32f4xx_hal_tim_ex.o
                0x08003a78                HAL_TIMEx_BreakCallback
 .text.USB_CoreInit
                0x08003a7a       0x7c Drivers/STM32F4xx_HAL_Driver/Src/stm32f4xx_ll_usb.o
                0x08003a7a                USB_CoreInit
 .text.USB_DisableGlobalInt
                0x08003af6        0xc Drivers/STM32F4xx_HAL_Driver/Src/stm32f4xx_ll_usb.o
                0x08003af6                USB_DisableGlobalInt
 .text.USB_SetCurrentMode
                0x08003b02       0x2c Drivers/STM32F4xx_HAL_Driver/Src/stm32f4xx_ll_usb.o
                0x08003b02                USB_SetCurrentMode
 *fill*         0x08003b2e        0x2 
 .text.USB_FlushTxFifo
                0x08003b30       0x28 Drivers/STM32F4xx_HAL_Driver/Src/stm32f4xx_ll_usb.o
                0x08003b30                USB_FlushTxFifo
 .text.USB_FlushRxFifo
                0x08003b58       0x24 Drivers/STM32F4xx_HAL_Driver/Src/stm32f4xx_ll_usb.o
                0x08003b58                USB_FlushRxFifo
 .text.USB_ReadPacket
                0x08003b7c       0x28 Drivers/STM32F4xx_HAL_Driver/Src/stm32f4xx_ll_usb.o
                0x08003b7c                USB_ReadPacket
 .text.USB_ReadInterrupts
                0x08003ba4        0x8 Drivers/STM32F4xx_HAL_Driver/Src/stm32f4xx_ll_usb.o
                0x08003ba4                USB_ReadInterrupts
 .text.USB_GetMode
                0x08003bac        0x8 Drivers/STM32F4xx_HAL_Driver/Src/stm32f4xx_ll_usb.o
                0x08003bac                USB_GetMode
 .text.USB_CoreReset
                0x08003bb4       0x3c Drivers/STM32F4xx_HAL_Driver/Src/stm32f4xx_ll_usb.o
 .text.USB_HostInit
                0x08003bf0       0xec Drivers/STM32F4xx_HAL_Driver/Src/stm32f4xx_ll_usb.o
                0x08003bf0                USB_HostInit
 .text.USB_InitFSLSPClkSel
                0x08003cdc       0x40 Drivers/STM32F4xx_HAL_Driver/Src/stm32f4xx_ll_usb.o
                0x08003cdc                USB_InitFSLSPClkSel
 .text.USB_DriveVbus
                0x08003d1c       0x42 Drivers/STM32F4xx_HAL_Driver/Src/stm32f4xx_ll_usb.o
                0x08003d1c                USB_DriveVbus
 .text.USB_HC_ReadInterrupt
                0x08003d5e       0x1e Drivers/STM32F4xx_HAL_Driver/Src/stm32f4xx_ll_usb.o
                0x08003d5e                USB_HC_ReadInterrupt
 .text.USB_HC_Halt
                0x08003d7c      0x1c2 Drivers/STM32F4xx_HAL_Driver/Src/stm32f4xx_ll_usb.o
                0x08003d7c                USB_HC_Halt
 .text.makeFreeRtosPriority
                0x08003f3e        0xc Middlewares/Third_Party/FreeRTOS/Source/CMSIS_RTOS/cmsis_os.o
 .text.osKernelStart
                0x08003f4a        0xa Middlewares/Third_Party/FreeRTOS/Source/CMSIS_RTOS/cmsis_os.o
                0x08003f4a                osKernelStart
 .text.osThreadCreate
                0x08003f54       0x34 Middlewares/Third_Party/FreeRTOS/Source/CMSIS_RTOS/cmsis_os.o
                0x08003f54                osThreadCreate
 .text.osDelay  0x08003f88       0x12 Middlewares/Third_Party/FreeRTOS/Source/CMSIS_RTOS/cmsis_os.o
                0x08003f88                osDelay
 .text.osSystickHandler
                0x08003f9a       0x10 Middlewares/Third_Party/FreeRTOS/Source/CMSIS_RTOS/cmsis_os.o
                0x08003f9a                osSystickHandler
 .text.vListInitialise
                0x08003faa       0x16 Middlewares/Third_Party/FreeRTOS/Source/list.o
                0x08003faa                vListInitialise
 .text.vListInitialiseItem
                0x08003fc0        0x6 Middlewares/Third_Party/FreeRTOS/Source/list.o
                0x08003fc0                vListInitialiseItem
 .text.vListInsertEnd
                0x08003fc6       0x18 Middlewares/Third_Party/FreeRTOS/Source/list.o
                0x08003fc6                vListInsertEnd
 .text.vListInsert
                0x08003fde       0x34 Middlewares/Third_Party/FreeRTOS/Source/list.o
                0x08003fde                vListInsert
 .text.uxListRemove
                0x08004012       0x26 Middlewares/Third_Party/FreeRTOS/Source/list.o
                0x08004012                uxListRemove
 .text.prvResetNextTaskUnblockTime
                0x08004038       0x24 Middlewares/Third_Party/FreeRTOS/Source/tasks.o
 .text.prvDeleteTCB
                0x0800405c       0x12 Middlewares/Third_Party/FreeRTOS/Source/tasks.o
 .text.prvInitialiseNewTask
                0x0800406e       0x80 Middlewares/Third_Party/FreeRTOS/Source/tasks.o
 *fill*         0x080040ee        0x2 
 .text.prvInitialiseTaskLists
                0x080040f0       0x58 Middlewares/Third_Party/FreeRTOS/Source/tasks.o
 .text.prvAddNewTaskToReadyList
                0x08004148       0xac Middlewares/Third_Party/FreeRTOS/Source/tasks.o
 .text.prvAddCurrentTaskToDelayedList
                0x080041f4       0x88 Middlewares/Third_Party/FreeRTOS/Source/tasks.o
 .text.xTaskCreate
                0x0800427c       0x62 Middlewares/Third_Party/FreeRTOS/Source/tasks.o
                0x0800427c                xTaskCreate
 *fill*         0x080042de        0x2 
 .text.vTaskStartScheduler
                0x080042e0       0x74 Middlewares/Third_Party/FreeRTOS/Source/tasks.o
                0x080042e0                vTaskStartScheduler
 .text.vTaskSuspendAll
                0x08004354       0x14 Middlewares/Third_Party/FreeRTOS/Source/tasks.o
                0x08004354                vTaskSuspendAll
 .text.xTaskIncrementTick
                0x08004368      0x10c Middlewares/Third_Party/FreeRTOS/Source/tasks.o
                0x08004368                xTaskIncrementTick
 .text.xTaskResumeAll
                0x08004474       0xf0 Middlewares/Third_Party/FreeRTOS/Source/tasks.o
                0x08004474                xTaskResumeAll
 .text.vTaskDelay
                0x08004564       0x4c Middlewares/Third_Party/FreeRTOS/Source/tasks.o
                0x08004564                vTaskDelay
 .text.prvCheckTasksWaitingTermination
                0x080045b0       0x54 Middlewares/Third_Party/FreeRTOS/Source/tasks.o
 .text.prvIdleTask
                0x08004604       0x28 Middlewares/Third_Party/FreeRTOS/Source/tasks.o
 .text.vTaskSwitchContext
                0x0800462c       0x90 Middlewares/Third_Party/FreeRTOS/Source/tasks.o
                0x0800462c                vTaskSwitchContext
 .text.xTaskGetSchedulerState
                0x080046bc       0x20 Middlewares/Third_Party/FreeRTOS/Source/tasks.o
                0x080046bc                xTaskGetSchedulerState
 .text.prvTaskExitError
                0x080046dc       0x34 Middlewares/Third_Party/FreeRTOS/Source/portable/GCC/ARM_CM4F/port.o
 .text.prvPortStartFirstTask
                0x08004710       0x20 Middlewares/Third_Party/FreeRTOS/Source/portable/GCC/ARM_CM4F/port.o
 .text.vPortEnableVFP
                0x08004730       0x14 Middlewares/Third_Party/FreeRTOS/Source/portable/GCC/ARM_CM4F/port.o
 .text.pxPortInitialiseStack
                0x08004744       0x2c Middlewares/Third_Party/FreeRTOS/Source/portable/GCC/ARM_CM4F/port.o
                0x08004744                pxPortInitialiseStack
 .text.SVC_Handler
                0x08004770       0x24 Middlewares/Third_Party/FreeRTOS/Source/portable/GCC/ARM_CM4F/port.o
                0x08004770                SVC_Handler
 .text.vPortEnterCritical
                0x08004794       0x44 Middlewares/Third_Party/FreeRTOS/Source/portable/GCC/ARM_CM4F/port.o
                0x08004794                vPortEnterCritical
 .text.vPortExitCritical
                0x080047d8       0x2c Middlewares/Third_Party/FreeRTOS/Source/portable/GCC/ARM_CM4F/port.o
                0x080047d8                vPortExitCritical
 *fill*         0x08004804        0xc 
 .text.PendSV_Handler
                0x08004810       0x64 Middlewares/Third_Party/FreeRTOS/Source/portable/GCC/ARM_CM4F/port.o
                0x08004810                PendSV_Handler
 .text.xPortSysTickHandler
                0x08004874       0x2c Middlewares/Third_Party/FreeRTOS/Source/portable/GCC/ARM_CM4F/port.o
                0x08004874                xPortSysTickHandler
 .text.vPortSetupTimerInterrupt
                0x080048a0       0x2c Middlewares/Third_Party/FreeRTOS/Source/portable/GCC/ARM_CM4F/port.o
                0x080048a0                vPortSetupTimerInterrupt
 .text.xPortStartScheduler
                0x080048cc       0xe8 Middlewares/Third_Party/FreeRTOS/Source/portable/GCC/ARM_CM4F/port.o
                0x080048cc                xPortStartScheduler
 .text.prvHeapInit
                0x080049b4       0x4c Middlewares/Third_Party/FreeRTOS/Source/portable/MemMang/heap_4.o
 .text.prvInsertBlockIntoFreeList
                0x08004a00       0x54 Middlewares/Third_Party/FreeRTOS/Source/portable/MemMang/heap_4.o
 .text.pvPortMalloc
                0x08004a54       0xf4 Middlewares/Third_Party/FreeRTOS/Source/portable/MemMang/heap_4.o
                0x08004a54                pvPortMalloc
 .text.vPortFree
                0x08004b48       0x6c Middlewares/Third_Party/FreeRTOS/Source/portable/MemMang/heap_4.o
                0x08004b48                vPortFree
 .text.invSqrt  0x08004bb4       0x30 Src/MadgwickAHRS.o
                0x08004bb4                invSqrt
 .text.MadgwickAHRSupdateIMU
                0x08004be4      0x360 Src/MadgwickAHRS.o
                0x08004be4                MadgwickAHRSupdateIMU
 .text.MadgwickAHRSupdate
                0x08004f44      0x6f8 Src/MadgwickAHRS.o
                0x08004f44                MadgwickAHRSupdate
 *fill*         0x0800563c        0x4 
 .text.readGyroXYZ
                0x08005640       0xd4 Src/main.o
 .text.toEulerAngle
                0x08005714       0xf0 Src/main.o
 .text.Madgwick_Task
                0x08005804       0x7c Src/main.o
                0x08005804                Madgwick_Task
 .text.MX_GPIO_Init
                0x08005880      0x184 Src/main.o
 .text.StartDefaultTask
                0x08005a04        0xc Src/main.o
                0x08005a04                StartDefaultTask
 .text.EXTI1_IRQHandler
                0x08005a10      0x14c Src/main.o
                0x08005a10                EXTI1_IRQHandler
 .text.EXTI4_IRQHandler
                0x08005b5c        0xc Src/main.o
                0x08005b5c                EXTI4_IRQHandler
 .text.L3GD20_Write
                0x08005b68       0x38 Src/main.o
                0x08005b68                L3GD20_Write
 .text.L3GD20_Init
                0x08005ba0       0x34 Src/main.o
                0x08005ba0                L3GD20_Init
 .text.gyroscope_Init
                0x08005bd4       0x54 Src/main.o
                0x08005bd4                gyroscope_Init
 .text.accel_Write
                0x08005c28       0x24 Src/main.o
                0x08005c28                accel_Write
 .text.accel_Read
                0x08005c4c       0x38 Src/main.o
                0x08005c4c                accel_Read
 *fill*         0x08005c84        0x4 
 .text.readAccXYZ
                0x08005c88       0xd0 Src/main.o
 .text.mag_Write
                0x08005d58       0x28 Src/main.o
                0x08005d58                mag_Write
 .text.mag_Read
                0x08005d80       0x38 Src/main.o
                0x08005d80                mag_Read
 .text.readMagXYZ
                0x08005db8       0xcc Src/main.o
 .text.EXTI2_IRQHandler
                0x08005e84       0xcc Src/main.o
                0x08005e84                EXTI2_IRQHandler
 .text.LSM303DLHC_Init
                0x08005f50       0x54 Src/main.o
 .text.accelerometer_Init
                0x08005fa4        0x8 Src/main.o
                0x08005fa4                accelerometer_Init
 .text.IMU_Init
                0x08005fac        0xc Src/main.o
                0x08005fac                IMU_Init
 .text.HAL_TIM_PeriodElapsedCallback
                0x08005fb8       0x18 Src/main.o
                0x08005fb8                HAL_TIM_PeriodElapsedCallback
 .text._Error_Handler
                0x08005fd0        0x2 Src/main.o
                0x08005fd0                _Error_Handler
 *fill*         0x08005fd2        0x2 
 .text.MX_I2C1_Init
                0x08005fd4       0x44 Src/main.o
 .text.MX_SPI1_Init
                0x08006018       0x4c Src/main.o
 .text.MX_USB_OTG_FS_HCD_Init
                0x08006064       0x38 Src/main.o
 .text.MX_I2S2_Init
                0x0800609c       0x44 Src/main.o
 .text.MX_I2S3_Init
                0x080060e0       0x40 Src/main.o
 .text.SystemClock_Config
                0x08006120       0xe8 Src/main.o
                0x08006120                SystemClock_Config
 .text.main     0x08006208       0x74 Src/main.o
                0x08006208                main
 .text.HAL_MspInit
                0x0800627c       0x94 Src/stm32f4xx_hal_msp.o
                0x0800627c                HAL_MspInit
 .text.HAL_I2C_MspInit
                0x08006310       0x54 Src/stm32f4xx_hal_msp.o
                0x08006310                HAL_I2C_MspInit
 .text.HAL_I2S_MspInit
                0x08006364       0xd8 Src/stm32f4xx_hal_msp.o
                0x08006364                HAL_I2S_MspInit
 .text.HAL_SPI_MspInit
                0x0800643c       0x50 Src/stm32f4xx_hal_msp.o
                0x0800643c                HAL_SPI_MspInit
 .text.HAL_HCD_MspInit
                0x0800648c       0x7c Src/stm32f4xx_hal_msp.o
                0x0800648c                HAL_HCD_MspInit
 .text.HAL_InitTick
                0x08006508       0x78 Src/stm32f4xx_hal_timebase_TIM.o
                0x08006508                HAL_InitTick
 .text.NMI_Handler
                0x08006580        0x2 Src/stm32f4xx_it.o
                0x08006580                NMI_Handler
 .text.HardFault_Handler
                0x08006582        0x2 Src/stm32f4xx_it.o
                0x08006582                HardFault_Handler
 .text.MemManage_Handler
                0x08006584        0x2 Src/stm32f4xx_it.o
                0x08006584                MemManage_Handler
 .text.BusFault_Handler
                0x08006586        0x2 Src/stm32f4xx_it.o
                0x08006586                BusFault_Handler
 .text.UsageFault_Handler
                0x08006588        0x2 Src/stm32f4xx_it.o
                0x08006588                UsageFault_Handler
 .text.DebugMon_Handler
                0x0800658a        0x2 Src/stm32f4xx_it.o
                0x0800658a                DebugMon_Handler
 .text.SysTick_Handler
                0x0800658c        0x8 Src/stm32f4xx_it.o
                0x0800658c                SysTick_Handler
 .text.TIM1_TRG_COM_TIM11_IRQHandler
                0x08006594       0x10 Src/stm32f4xx_it.o
                0x08006594                TIM1_TRG_COM_TIM11_IRQHandler
 .text.OTG_FS_IRQHandler
                0x080065a4       0x10 Src/stm32f4xx_it.o
                0x080065a4                OTG_FS_IRQHandler
 .text.SystemInit
                0x080065b4       0x4c Src/system_stm32f4xx.o
                0x080065b4                SystemInit
 .text.Reset_Handler
                0x08006600       0x50 startup/startup_stm32f411xe.o
                0x08006600                Reset_Handler
 .text.Default_Handler
                0x08006650        0x2 startup/startup_stm32f411xe.o
                0x08006650                RTC_Alarm_IRQHandler
                0x08006650                SPI4_IRQHandler
                0x08006650                TIM1_CC_IRQHandler
                0x08006650                DMA2_Stream5_IRQHandler
                0x08006650                DMA1_Stream5_IRQHandler
                0x08006650                PVD_IRQHandler
                0x08006650                SDIO_IRQHandler
                0x08006650                TAMP_STAMP_IRQHandler
                0x08006650                EXTI3_IRQHandler
                0x08006650                TIM1_UP_TIM10_IRQHandler
                0x08006650                I2C3_ER_IRQHandler
                0x08006650                EXTI0_IRQHandler
                0x08006650                I2C2_EV_IRQHandler
                0x08006650                DMA1_Stream2_IRQHandler
                0x08006650                FPU_IRQHandler
                0x08006650                DMA2_Stream2_IRQHandler
                0x08006650                SPI1_IRQHandler
                0x08006650                TIM1_BRK_TIM9_IRQHandler
                0x08006650                DMA2_Stream3_IRQHandler
                0x08006650                USART6_IRQHandler
                0x08006650                DMA2_Stream0_IRQHandler
                0x08006650                TIM4_IRQHandler
                0x08006650                I2C1_EV_IRQHandler
                0x08006650                DMA1_Stream6_IRQHandler
                0x08006650                DMA1_Stream1_IRQHandler
                0x08006650                TIM3_IRQHandler
                0x08006650                RCC_IRQHandler
                0x08006650                Default_Handler
                0x08006650                EXTI15_10_IRQHandler
                0x08006650                ADC_IRQHandler
                0x08006650                DMA1_Stream7_IRQHandler
                0x08006650                SPI5_IRQHandler
                0x08006650                TIM5_IRQHandler
                0x08006650                DMA2_Stream7_IRQHandler
                0x08006650                I2C3_EV_IRQHandler
                0x08006650                EXTI9_5_IRQHandler
                0x08006650                RTC_WKUP_IRQHandler
                0x08006650                SPI2_IRQHandler
                0x08006650                DMA1_Stream0_IRQHandler
                0x08006650                WWDG_IRQHandler
                0x08006650                TIM2_IRQHandler
                0x08006650                OTG_FS_WKUP_IRQHandler
                0x08006650                USART2_IRQHandler
                0x08006650                I2C2_ER_IRQHandler
                0x08006650                DMA2_Stream1_IRQHandler
                0x08006650                FLASH_IRQHandler
                0x08006650                DMA2_Stream4_IRQHandler
                0x08006650                USART1_IRQHandler
                0x08006650                SPI3_IRQHandler
                0x08006650                DMA1_Stream4_IRQHandler
                0x08006650                I2C1_ER_IRQHandler
                0x08006650                DMA2_Stream6_IRQHandler
                0x08006650                DMA1_Stream3_IRQHandler
 *fill*         0x08006652        0x2 
 .text.sqrt     0x08006654       0xb8 c:/users/mihay002/desktop/eclipse/plugins/fr.ac6.mcu.externaltools.arm-none.win32_1.16.0.201807130628/tools/compiler/bin/../lib/gcc/arm-none-eabi/7.2.1/../../../../arm-none-eabi/lib/thumb/v7e-m/fpv4-sp/hard\libm.a(lib_a-w_sqrt.o)
                0x08006654                sqrt
 .text.asinf    0x0800670c       0xb4 c:/users/mihay002/desktop/eclipse/plugins/fr.ac6.mcu.externaltools.arm-none.win32_1.16.0.201807130628/tools/compiler/bin/../lib/gcc/arm-none-eabi/7.2.1/../../../../arm-none-eabi/lib/thumb/v7e-m/fpv4-sp/hard\libm.a(lib_a-wf_asin.o)
                0x0800670c                asinf
 .text.atan2f   0x080067c0        0x4 c:/users/mihay002/desktop/eclipse/plugins/fr.ac6.mcu.externaltools.arm-none.win32_1.16.0.201807130628/tools/compiler/bin/../lib/gcc/arm-none-eabi/7.2.1/../../../../arm-none-eabi/lib/thumb/v7e-m/fpv4-sp/hard\libm.a(lib_a-wf_atan2.o)
                0x080067c0                atan2f
 .text.__ieee754_sqrt
                0x080067c4      0x194 c:/users/mihay002/desktop/eclipse/plugins/fr.ac6.mcu.externaltools.arm-none.win32_1.16.0.201807130628/tools/compiler/bin/../lib/gcc/arm-none-eabi/7.2.1/../../../../arm-none-eabi/lib/thumb/v7e-m/fpv4-sp/hard\libm.a(lib_a-e_sqrt.o)
                0x080067c4                __ieee754_sqrt
 .text.__ieee754_asinf
                0x08006958      0x1f4 c:/users/mihay002/desktop/eclipse/plugins/fr.ac6.mcu.externaltools.arm-none.win32_1.16.0.201807130628/tools/compiler/bin/../lib/gcc/arm-none-eabi/7.2.1/../../../../arm-none-eabi/lib/thumb/v7e-m/fpv4-sp/hard\libm.a(lib_a-ef_asin.o)
                0x08006958                __ieee754_asinf
 .text.__ieee754_atan2f
                0x08006b4c      0x17c c:/users/mihay002/desktop/eclipse/plugins/fr.ac6.mcu.externaltools.arm-none.win32_1.16.0.201807130628/tools/compiler/bin/../lib/gcc/arm-none-eabi/7.2.1/../../../../arm-none-eabi/lib/thumb/v7e-m/fpv4-sp/hard\libm.a(lib_a-ef_atan2.o)
                0x08006b4c                __ieee754_atan2f
 .text.__ieee754_sqrtf
                0x08006cc8        0x8 c:/users/mihay002/desktop/eclipse/plugins/fr.ac6.mcu.externaltools.arm-none.win32_1.16.0.201807130628/tools/compiler/bin/../lib/gcc/arm-none-eabi/7.2.1/../../../../arm-none-eabi/lib/thumb/v7e-m/fpv4-sp/hard\libm.a(lib_a-ef_sqrt.o)
                0x08006cc8                __ieee754_sqrtf
 .text.matherr  0x08006cd0        0x4 c:/users/mihay002/desktop/eclipse/plugins/fr.ac6.mcu.externaltools.arm-none.win32_1.16.0.201807130628/tools/compiler/bin/../lib/gcc/arm-none-eabi/7.2.1/../../../../arm-none-eabi/lib/thumb/v7e-m/fpv4-sp/hard\libm.a(lib_a-s_matherr.o)
                0x08006cd0                matherr
 *fill*         0x08006cd4        0x4 
 .text.nan      0x08006cd8       0x10 c:/users/mihay002/desktop/eclipse/plugins/fr.ac6.mcu.externaltools.arm-none.win32_1.16.0.201807130628/tools/compiler/bin/../lib/gcc/arm-none-eabi/7.2.1/../../../../arm-none-eabi/lib/thumb/v7e-m/fpv4-sp/hard\libm.a(lib_a-s_nan.o)
                0x08006cd8                nan
 .text.atanf    0x08006ce8      0x1a4 c:/users/mihay002/desktop/eclipse/plugins/fr.ac6.mcu.externaltools.arm-none.win32_1.16.0.201807130628/tools/compiler/bin/../lib/gcc/arm-none-eabi/7.2.1/../../../../arm-none-eabi/lib/thumb/v7e-m/fpv4-sp/hard\libm.a(lib_a-sf_atan.o)
                0x08006ce8                atanf
 .text.fabsf    0x08006e8c       0x10 c:/users/mihay002/desktop/eclipse/plugins/fr.ac6.mcu.externaltools.arm-none.win32_1.16.0.201807130628/tools/compiler/bin/../lib/gcc/arm-none-eabi/7.2.1/../../../../arm-none-eabi/lib/thumb/v7e-m/fpv4-sp/hard\libm.a(lib_a-sf_fabs.o)
                0x08006e8c                fabsf
 .text.__errno  0x08006e9c        0xc c:/users/mihay002/desktop/eclipse/plugins/fr.ac6.mcu.externaltools.arm-none.win32_1.16.0.201807130628/tools/compiler/bin/../lib/gcc/arm-none-eabi/7.2.1/../../../../arm-none-eabi/lib/thumb/v7e-m/fpv4-sp/hard\libc_nano.a(lib_a-errno.o)
                0x08006e9c                __errno
 .text.__libc_init_array
                0x08006ea8       0x48 c:/users/mihay002/desktop/eclipse/plugins/fr.ac6.mcu.externaltools.arm-none.win32_1.16.0.201807130628/tools/compiler/bin/../lib/gcc/arm-none-eabi/7.2.1/../../../../arm-none-eabi/lib/thumb/v7e-m/fpv4-sp/hard\libc_nano.a(lib_a-init.o)
                0x08006ea8                __libc_init_array
 *(.glue_7)
 .glue_7        0x08006ef0        0x0 linker stubs
 *(.glue_7t)
 .glue_7t       0x08006ef0        0x0 linker stubs
 *(.eh_frame)
 .eh_frame      0x08006ef0        0x0 c:/users/mihay002/desktop/eclipse/plugins/fr.ac6.mcu.externaltools.arm-none.win32_1.16.0.201807130628/tools/compiler/bin/../lib/gcc/arm-none-eabi/7.2.1/thumb/v7e-m/fpv4-sp/hard/crtbegin.o
 *(.init)
 .init          0x08006ef0        0x4 c:/users/mihay002/desktop/eclipse/plugins/fr.ac6.mcu.externaltools.arm-none.win32_1.16.0.201807130628/tools/compiler/bin/../lib/gcc/arm-none-eabi/7.2.1/thumb/v7e-m/fpv4-sp/hard/crti.o
                0x08006ef0                _init
 .init          0x08006ef4        0x8 c:/users/mihay002/desktop/eclipse/plugins/fr.ac6.mcu.externaltools.arm-none.win32_1.16.0.201807130628/tools/compiler/bin/../lib/gcc/arm-none-eabi/7.2.1/thumb/v7e-m/fpv4-sp/hard/crtn.o
 *(.fini)
 .fini          0x08006efc        0x4 c:/users/mihay002/desktop/eclipse/plugins/fr.ac6.mcu.externaltools.arm-none.win32_1.16.0.201807130628/tools/compiler/bin/../lib/gcc/arm-none-eabi/7.2.1/thumb/v7e-m/fpv4-sp/hard/crti.o
                0x08006efc                _fini
 .fini          0x08006f00        0x8 c:/users/mihay002/desktop/eclipse/plugins/fr.ac6.mcu.externaltools.arm-none.win32_1.16.0.201807130628/tools/compiler/bin/../lib/gcc/arm-none-eabi/7.2.1/thumb/v7e-m/fpv4-sp/hard/crtn.o
                0x08006f08                . = ALIGN (0x4)
                0x08006f08                _etext = .

.vfp11_veneer   0x08006f08        0x0
 .vfp11_veneer  0x08006f08        0x0 linker stubs

.v4_bx          0x08006f08        0x0
 .v4_bx         0x08006f08        0x0 linker stubs

.iplt           0x08006f08        0x0
 .iplt          0x08006f08        0x0 c:/users/mihay002/desktop/eclipse/plugins/fr.ac6.mcu.externaltools.arm-none.win32_1.16.0.201807130628/tools/compiler/bin/../lib/gcc/arm-none-eabi/7.2.1/thumb/v7e-m/fpv4-sp/hard/crtbegin.o

.rodata         0x08006f08       0x94
                0x08006f08                . = ALIGN (0x4)
 *(.rodata)
 .rodata        0x08006f08       0x18 Src/main.o
                0x08006f1c                PI
 .rodata        0x08006f20       0x18 Src/system_stm32f4xx.o
                0x08006f20                AHBPrescTable
                0x08006f30                APBPrescTable
 *(.rodata*)
 .rodata.str1.4
                0x08006f38        0x5 Middlewares/Third_Party/FreeRTOS/Source/tasks.o
 *fill*         0x08006f3d        0x3 
 .rodata.str1.4
                0x08006f40       0x2c Src/main.o
 .rodata.sqrt.str1.4
                0x08006f6c        0x5 c:/users/mihay002/desktop/eclipse/plugins/fr.ac6.mcu.externaltools.arm-none.win32_1.16.0.201807130628/tools/compiler/bin/../lib/gcc/arm-none-eabi/7.2.1/../../../../arm-none-eabi/lib/thumb/v7e-m/fpv4-sp/hard\libm.a(lib_a-w_sqrt.o)
 *fill*         0x08006f71        0x3 
 .rodata.asinf.str1.4
                0x08006f74        0x8 c:/users/mihay002/desktop/eclipse/plugins/fr.ac6.mcu.externaltools.arm-none.win32_1.16.0.201807130628/tools/compiler/bin/../lib/gcc/arm-none-eabi/7.2.1/../../../../arm-none-eabi/lib/thumb/v7e-m/fpv4-sp/hard\libm.a(lib_a-wf_asin.o)
                                  0x9 (size before relaxing)
 .rodata.atanhi
                0x08006f7c       0x10 c:/users/mihay002/desktop/eclipse/plugins/fr.ac6.mcu.externaltools.arm-none.win32_1.16.0.201807130628/tools/compiler/bin/../lib/gcc/arm-none-eabi/7.2.1/../../../../arm-none-eabi/lib/thumb/v7e-m/fpv4-sp/hard\libm.a(lib_a-sf_atan.o)
 .rodata.atanlo
                0x08006f8c       0x10 c:/users/mihay002/desktop/eclipse/plugins/fr.ac6.mcu.externaltools.arm-none.win32_1.16.0.201807130628/tools/compiler/bin/../lib/gcc/arm-none-eabi/7.2.1/../../../../arm-none-eabi/lib/thumb/v7e-m/fpv4-sp/hard\libm.a(lib_a-sf_atan.o)
                0x08006f9c                . = ALIGN (0x4)

.ARM.extab
 *(.ARM.extab* .gnu.linkonce.armextab.*)

.ARM            0x08006f9c        0x8
                0x08006f9c                __exidx_start = .
 *(.ARM.exidx*)
 .ARM.exidx     0x08006f9c        0x8 c:/users/mihay002/desktop/eclipse/plugins/fr.ac6.mcu.externaltools.arm-none.win32_1.16.0.201807130628/tools/compiler/bin/../lib/gcc/arm-none-eabi/7.2.1/thumb/v7e-m/fpv4-sp/hard\libgcc.a(_udivmoddi4.o)
                0x08006fa4                __exidx_end = .

.rel.dyn        0x08006fa4        0x0
 .rel.iplt      0x08006fa4        0x0 c:/users/mihay002/desktop/eclipse/plugins/fr.ac6.mcu.externaltools.arm-none.win32_1.16.0.201807130628/tools/compiler/bin/../lib/gcc/arm-none-eabi/7.2.1/thumb/v7e-m/fpv4-sp/hard/crtbegin.o

.preinit_array  0x08006fa4        0x0
                0x08006fa4                PROVIDE (__preinit_array_start, .)
 *(.preinit_array*)
                0x08006fa4                PROVIDE (__preinit_array_end, .)

.init_array     0x08006fa4        0x4
                0x08006fa4                PROVIDE (__init_array_start, .)
 *(SORT_BY_NAME(.init_array.*))
 *(.init_array*)
 .init_array    0x08006fa4        0x4 c:/users/mihay002/desktop/eclipse/plugins/fr.ac6.mcu.externaltools.arm-none.win32_1.16.0.201807130628/tools/compiler/bin/../lib/gcc/arm-none-eabi/7.2.1/thumb/v7e-m/fpv4-sp/hard/crtbegin.o
                0x08006fa8                PROVIDE (__init_array_end, .)

.fini_array     0x08006fa8        0x4
                [!provide]                PROVIDE (__fini_array_start, .)
 *(SORT_BY_NAME(.fini_array.*))
 *(.fini_array*)
 .fini_array    0x08006fa8        0x4 c:/users/mihay002/desktop/eclipse/plugins/fr.ac6.mcu.externaltools.arm-none.win32_1.16.0.201807130628/tools/compiler/bin/../lib/gcc/arm-none-eabi/7.2.1/thumb/v7e-m/fpv4-sp/hard/crtbegin.o
                [!provide]                PROVIDE (__fini_array_end, .)
                0x08006fac                _sidata = LOADADDR (.data)

.data           0x20000000       0x88 load address 0x08006fac
                0x20000000                . = ALIGN (0x4)
                0x20000000                _sdata = .
 *(.data)
 .data          0x20000000        0x8 Drivers/STM32F4xx_HAL_Driver/Src/stm32f4xx_hal.o
                0x20000000                uwTickFreq
                0x20000004                uwTickPrio
 .data          0x20000008        0x4 Middlewares/Third_Party/FreeRTOS/Source/portable/GCC/ARM_CM4F/port.o
 .data          0x2000000c       0x10 Src/MadgwickAHRS.o
                0x2000000c                twoKp
                0x20000014                q0
                0x20000018                beta
 .data          0x2000001c        0x4 Src/system_stm32f4xx.o
                0x2000001c                SystemCoreClock
 *(.data*)
 .data.__fdlib_version
                0x20000020        0x1 c:/users/mihay002/desktop/eclipse/plugins/fr.ac6.mcu.externaltools.arm-none.win32_1.16.0.201807130628/tools/compiler/bin/../lib/gcc/arm-none-eabi/7.2.1/../../../../arm-none-eabi/lib/thumb/v7e-m/fpv4-sp/hard\libm.a(lib_a-s_lib_ver.o)
                0x20000020                __fdlib_version
 *fill*         0x20000021        0x3 
 .data._impure_ptr
                0x20000024        0x4 c:/users/mihay002/desktop/eclipse/plugins/fr.ac6.mcu.externaltools.arm-none.win32_1.16.0.201807130628/tools/compiler/bin/../lib/gcc/arm-none-eabi/7.2.1/../../../../arm-none-eabi/lib/thumb/v7e-m/fpv4-sp/hard\libc_nano.a(lib_a-impure.o)
                0x20000024                _impure_ptr
 .data.impure_data
                0x20000028       0x60 c:/users/mihay002/desktop/eclipse/plugins/fr.ac6.mcu.externaltools.arm-none.win32_1.16.0.201807130628/tools/compiler/bin/../lib/gcc/arm-none-eabi/7.2.1/../../../../arm-none-eabi/lib/thumb/v7e-m/fpv4-sp/hard\libc_nano.a(lib_a-impure.o)
                0x20000088                . = ALIGN (0x4)
                0x20000088                _edata = .

.igot.plt       0x20000088        0x0 load address 0x08007034
 .igot.plt      0x20000088        0x0 c:/users/mihay002/desktop/eclipse/plugins/fr.ac6.mcu.externaltools.arm-none.win32_1.16.0.201807130628/tools/compiler/bin/../lib/gcc/arm-none-eabi/7.2.1/thumb/v7e-m/fpv4-sp/hard/crtbegin.o
                0x20000088                . = ALIGN (0x4)

.bss            0x20000088     0x4248 load address 0x08007034
                0x20000088                _sbss = .
                0x20000088                __bss_start__ = _sbss
 *(.bss)
 .bss           0x20000088       0x1c c:/users/mihay002/desktop/eclipse/plugins/fr.ac6.mcu.externaltools.arm-none.win32_1.16.0.201807130628/tools/compiler/bin/../lib/gcc/arm-none-eabi/7.2.1/thumb/v7e-m/fpv4-sp/hard/crtbegin.o
 .bss           0x200000a4      0x12c Middlewares/Third_Party/FreeRTOS/Source/tasks.o
                0x200001a4                pxCurrentTCB
 .bss           0x200001d0        0x8 Middlewares/Third_Party/FreeRTOS/Source/portable/GCC/ARM_CM4F/port.o
 .bss           0x200001d8     0x3c18 Middlewares/Third_Party/FreeRTOS/Source/portable/MemMang/heap_4.o
 .bss           0x20003df0       0x20 Src/MadgwickAHRS.o
                0x20003df0                twoKi
                0x20003df4                q1
                0x20003df8                q2
                0x20003dfc                q3
                0x20003e00                reset_next_update
                0x20003e04                integralFBx
                0x20003e08                integralFBy
                0x20003e0c                integralFBz
 *(.bss*)
 *(COMMON)
 COMMON         0x20003e10        0x4 Drivers/STM32F4xx_HAL_Driver/Src/stm32f4xx_hal.o
                0x20003e10                uwTick
 COMMON         0x20003e14      0x480 Src/main.o
                0x20003e14                flMagY
                0x20003e18                defaultTaskHandle
                0x20003e1c                flAccelZ
                0x20003e20                spiRxBuf
                0x20003e28                gyroBuf
                0x20003e30                hi2c1
                0x20003e84                i2cTxBuf
                0x20003e88                flAngleZ
                0x20003e8c                L3GD20Gyro
                0x20003ea8                u32LastCalc
                0x20003eac                flAccelX
                0x20003eb0                flAccelY
                0x20003eb4                i2cRxBuf
                0x20003ebc                flAngleX
                0x20003ec0                flAngleY
                0x20003ec4                flMagZ
                0x20003ec8                count
                0x20003ecc                magRxBuf
                0x20003ed4                hspi1
                0x20003f2c                yaw
                0x20003f30                hhcd_USB_OTG_FS
                0x200041c8                flMagX
                0x200041cc                pitch
                0x200041d0                roll
                0x200041d4                magBuf
                0x200041dc                accelBuf
                0x200041e4                spiTxBuf
                0x200041e8                hi2s2
                0x20004230                hi2s3
                0x20004278                LSM303Accel
 COMMON         0x20004294       0x3c Src/stm32f4xx_hal_timebase_TIM.o
                0x20004294                htim11
                0x200042d0                . = ALIGN (0x4)
                0x200042d0                _ebss = .
                0x200042d0                __bss_end__ = _ebss

._user_heap_stack
                0x200042d0      0x600 load address 0x08007034
                0x200042d0                . = ALIGN (0x8)
                [!provide]                PROVIDE (end, .)
                [!provide]                PROVIDE (_end, .)
                0x200044d0                . = (. + _Min_Heap_Size)
 *fill*         0x200042d0      0x200 
                0x200048d0                . = (. + _Min_Stack_Size)
 *fill*         0x200044d0      0x400 
                0x200048d0                . = ALIGN (0x8)

/DISCARD/
 libc.a(*)
 libm.a(*)
 libgcc.a(*)

.ARM.attributes
                0x00000000       0x30
 *(.ARM.attributes)
 .ARM.attributes
                0x00000000       0x22 c:/users/mihay002/desktop/eclipse/plugins/fr.ac6.mcu.externaltools.arm-none.win32_1.16.0.201807130628/tools/compiler/bin/../lib/gcc/arm-none-eabi/7.2.1/thumb/v7e-m/fpv4-sp/hard/crti.o
 .ARM.attributes
                0x00000022       0x34 c:/users/mihay002/desktop/eclipse/plugins/fr.ac6.mcu.externaltools.arm-none.win32_1.16.0.201807130628/tools/compiler/bin/../lib/gcc/arm-none-eabi/7.2.1/thumb/v7e-m/fpv4-sp/hard/crtbegin.o
 .ARM.attributes
                0x00000056       0x39 Drivers/STM32F4xx_HAL_Driver/Src/stm32f4xx_hal.o
 .ARM.attributes
                0x0000008f       0x39 Drivers/STM32F4xx_HAL_Driver/Src/stm32f4xx_hal_cortex.o
 .ARM.attributes
                0x000000c8       0x39 Drivers/STM32F4xx_HAL_Driver/Src/stm32f4xx_hal_gpio.o
 .ARM.attributes
                0x00000101       0x39 Drivers/STM32F4xx_HAL_Driver/Src/stm32f4xx_hal_hcd.o
 .ARM.attributes
                0x0000013a       0x39 Drivers/STM32F4xx_HAL_Driver/Src/stm32f4xx_hal_i2c.o
 .ARM.attributes
                0x00000173       0x39 Drivers/STM32F4xx_HAL_Driver/Src/stm32f4xx_hal_i2s.o
 .ARM.attributes
                0x000001ac       0x39 Drivers/STM32F4xx_HAL_Driver/Src/stm32f4xx_hal_i2s_ex.o
 .ARM.attributes
                0x000001e5       0x39 Drivers/STM32F4xx_HAL_Driver/Src/stm32f4xx_hal_rcc.o
 .ARM.attributes
                0x0000021e       0x39 Drivers/STM32F4xx_HAL_Driver/Src/stm32f4xx_hal_rcc_ex.o
 .ARM.attributes
                0x00000257       0x39 Drivers/STM32F4xx_HAL_Driver/Src/stm32f4xx_hal_spi.o
 .ARM.attributes
                0x00000290       0x39 Drivers/STM32F4xx_HAL_Driver/Src/stm32f4xx_hal_tim.o
 .ARM.attributes
                0x000002c9       0x39 Drivers/STM32F4xx_HAL_Driver/Src/stm32f4xx_hal_tim_ex.o
 .ARM.attributes
                0x00000302       0x39 Drivers/STM32F4xx_HAL_Driver/Src/stm32f4xx_ll_usb.o
 .ARM.attributes
                0x0000033b       0x39 Middlewares/Third_Party/FreeRTOS/Source/CMSIS_RTOS/cmsis_os.o
 .ARM.attributes
                0x00000374       0x39 Middlewares/Third_Party/FreeRTOS/Source/list.o
 .ARM.attributes
                0x000003ad       0x39 Middlewares/Third_Party/FreeRTOS/Source/tasks.o
 .ARM.attributes
                0x000003e6       0x39 Middlewares/Third_Party/FreeRTOS/Source/portable/GCC/ARM_CM4F/port.o
 .ARM.attributes
                0x0000041f       0x39 Middlewares/Third_Party/FreeRTOS/Source/portable/MemMang/heap_4.o
 .ARM.attributes
                0x00000458       0x39 Src/MadgwickAHRS.o
 .ARM.attributes
                0x00000491       0x39 Src/main.o
 .ARM.attributes
                0x000004ca       0x39 Src/stm32f4xx_hal_msp.o
 .ARM.attributes
                0x00000503       0x39 Src/stm32f4xx_hal_timebase_TIM.o
 .ARM.attributes
                0x0000053c       0x39 Src/stm32f4xx_it.o
 .ARM.attributes
                0x00000575       0x39 Src/system_stm32f4xx.o
 .ARM.attributes
                0x000005ae       0x21 startup/startup_stm32f411xe.o
 .ARM.attributes
                0x000005cf       0x34 c:/users/mihay002/desktop/eclipse/plugins/fr.ac6.mcu.externaltools.arm-none.win32_1.16.0.201807130628/tools/compiler/bin/../lib/gcc/arm-none-eabi/7.2.1/../../../../arm-none-eabi/lib/thumb/v7e-m/fpv4-sp/hard\libm.a(lib_a-w_sqrt.o)
 .ARM.attributes
                0x00000603       0x34 c:/users/mihay002/desktop/eclipse/plugins/fr.ac6.mcu.externaltools.arm-none.win32_1.16.0.201807130628/tools/compiler/bin/../lib/gcc/arm-none-eabi/7.2.1/../../../../arm-none-eabi/lib/thumb/v7e-m/fpv4-sp/hard\libm.a(lib_a-wf_asin.o)
 .ARM.attributes
                0x00000637       0x34 c:/users/mihay002/desktop/eclipse/plugins/fr.ac6.mcu.externaltools.arm-none.win32_1.16.0.201807130628/tools/compiler/bin/../lib/gcc/arm-none-eabi/7.2.1/../../../../arm-none-eabi/lib/thumb/v7e-m/fpv4-sp/hard\libm.a(lib_a-wf_atan2.o)
 .ARM.attributes
                0x0000066b       0x34 c:/users/mihay002/desktop/eclipse/plugins/fr.ac6.mcu.externaltools.arm-none.win32_1.16.0.201807130628/tools/compiler/bin/../lib/gcc/arm-none-eabi/7.2.1/../../../../arm-none-eabi/lib/thumb/v7e-m/fpv4-sp/hard\libm.a(lib_a-e_sqrt.o)
 .ARM.attributes
                0x0000069f       0x34 c:/users/mihay002/desktop/eclipse/plugins/fr.ac6.mcu.externaltools.arm-none.win32_1.16.0.201807130628/tools/compiler/bin/../lib/gcc/arm-none-eabi/7.2.1/../../../../arm-none-eabi/lib/thumb/v7e-m/fpv4-sp/hard\libm.a(lib_a-ef_asin.o)
 .ARM.attributes
                0x000006d3       0x34 c:/users/mihay002/desktop/eclipse/plugins/fr.ac6.mcu.externaltools.arm-none.win32_1.16.0.201807130628/tools/compiler/bin/../lib/gcc/arm-none-eabi/7.2.1/../../../../arm-none-eabi/lib/thumb/v7e-m/fpv4-sp/hard\libm.a(lib_a-ef_atan2.o)
 .ARM.attributes
                0x00000707       0x34 c:/users/mihay002/desktop/eclipse/plugins/fr.ac6.mcu.externaltools.arm-none.win32_1.16.0.201807130628/tools/compiler/bin/../lib/gcc/arm-none-eabi/7.2.1/../../../../arm-none-eabi/lib/thumb/v7e-m/fpv4-sp/hard\libm.a(lib_a-ef_sqrt.o)
 .ARM.attributes
                0x0000073b       0x34 c:/users/mihay002/desktop/eclipse/plugins/fr.ac6.mcu.externaltools.arm-none.win32_1.16.0.201807130628/tools/compiler/bin/../lib/gcc/arm-none-eabi/7.2.1/../../../../arm-none-eabi/lib/thumb/v7e-m/fpv4-sp/hard\libm.a(lib_a-s_lib_ver.o)
 .ARM.attributes
                0x0000076f       0x34 c:/users/mihay002/desktop/eclipse/plugins/fr.ac6.mcu.externaltools.arm-none.win32_1.16.0.201807130628/tools/compiler/bin/../lib/gcc/arm-none-eabi/7.2.1/../../../../arm-none-eabi/lib/thumb/v7e-m/fpv4-sp/hard\libm.a(lib_a-s_matherr.o)
 .ARM.attributes
                0x000007a3       0x34 c:/users/mihay002/desktop/eclipse/plugins/fr.ac6.mcu.externaltools.arm-none.win32_1.16.0.201807130628/tools/compiler/bin/../lib/gcc/arm-none-eabi/7.2.1/../../../../arm-none-eabi/lib/thumb/v7e-m/fpv4-sp/hard\libm.a(lib_a-s_nan.o)
 .ARM.attributes
                0x000007d7       0x34 c:/users/mihay002/desktop/eclipse/plugins/fr.ac6.mcu.externaltools.arm-none.win32_1.16.0.201807130628/tools/compiler/bin/../lib/gcc/arm-none-eabi/7.2.1/../../../../arm-none-eabi/lib/thumb/v7e-m/fpv4-sp/hard\libm.a(lib_a-sf_atan.o)
 .ARM.attributes
                0x0000080b       0x34 c:/users/mihay002/desktop/eclipse/plugins/fr.ac6.mcu.externaltools.arm-none.win32_1.16.0.201807130628/tools/compiler/bin/../lib/gcc/arm-none-eabi/7.2.1/../../../../arm-none-eabi/lib/thumb/v7e-m/fpv4-sp/hard\libm.a(lib_a-sf_fabs.o)
 .ARM.attributes
                0x0000083f       0x22 c:/users/mihay002/desktop/eclipse/plugins/fr.ac6.mcu.externaltools.arm-none.win32_1.16.0.201807130628/tools/compiler/bin/../lib/gcc/arm-none-eabi/7.2.1/thumb/v7e-m/fpv4-sp/hard\libgcc.a(_arm_addsubdf3.o)
 .ARM.attributes
                0x00000861       0x22 c:/users/mihay002/desktop/eclipse/plugins/fr.ac6.mcu.externaltools.arm-none.win32_1.16.0.201807130628/tools/compiler/bin/../lib/gcc/arm-none-eabi/7.2.1/thumb/v7e-m/fpv4-sp/hard\libgcc.a(_arm_muldivdf3.o)
 .ARM.attributes
                0x00000883       0x22 c:/users/mihay002/desktop/eclipse/plugins/fr.ac6.mcu.externaltools.arm-none.win32_1.16.0.201807130628/tools/compiler/bin/../lib/gcc/arm-none-eabi/7.2.1/thumb/v7e-m/fpv4-sp/hard\libgcc.a(_arm_cmpdf2.o)
 .ARM.attributes
                0x000008a5       0x22 c:/users/mihay002/desktop/eclipse/plugins/fr.ac6.mcu.externaltools.arm-none.win32_1.16.0.201807130628/tools/compiler/bin/../lib/gcc/arm-none-eabi/7.2.1/thumb/v7e-m/fpv4-sp/hard\libgcc.a(_arm_unorddf2.o)
 .ARM.attributes
                0x000008c7       0x22 c:/users/mihay002/desktop/eclipse/plugins/fr.ac6.mcu.externaltools.arm-none.win32_1.16.0.201807130628/tools/compiler/bin/../lib/gcc/arm-none-eabi/7.2.1/thumb/v7e-m/fpv4-sp/hard\libgcc.a(_arm_truncdfsf2.o)
 .ARM.attributes
                0x000008e9       0x22 c:/users/mihay002/desktop/eclipse/plugins/fr.ac6.mcu.externaltools.arm-none.win32_1.16.0.201807130628/tools/compiler/bin/../lib/gcc/arm-none-eabi/7.2.1/thumb/v7e-m/fpv4-sp/hard\libgcc.a(_aeabi_uldivmod.o)
 .ARM.attributes
                0x0000090b       0x34 c:/users/mihay002/desktop/eclipse/plugins/fr.ac6.mcu.externaltools.arm-none.win32_1.16.0.201807130628/tools/compiler/bin/../lib/gcc/arm-none-eabi/7.2.1/thumb/v7e-m/fpv4-sp/hard\libgcc.a(_udivmoddi4.o)
 .ARM.attributes
                0x0000093f       0x22 c:/users/mihay002/desktop/eclipse/plugins/fr.ac6.mcu.externaltools.arm-none.win32_1.16.0.201807130628/tools/compiler/bin/../lib/gcc/arm-none-eabi/7.2.1/thumb/v7e-m/fpv4-sp/hard\libgcc.a(_dvmd_tls.o)
 .ARM.attributes
                0x00000961       0x34 c:/users/mihay002/desktop/eclipse/plugins/fr.ac6.mcu.externaltools.arm-none.win32_1.16.0.201807130628/tools/compiler/bin/../lib/gcc/arm-none-eabi/7.2.1/../../../../arm-none-eabi/lib/thumb/v7e-m/fpv4-sp/hard\libc_nano.a(lib_a-errno.o)
 .ARM.attributes
                0x00000995       0x34 c:/users/mihay002/desktop/eclipse/plugins/fr.ac6.mcu.externaltools.arm-none.win32_1.16.0.201807130628/tools/compiler/bin/../lib/gcc/arm-none-eabi/7.2.1/../../../../arm-none-eabi/lib/thumb/v7e-m/fpv4-sp/hard\libc_nano.a(lib_a-impure.o)
 .ARM.attributes
                0x000009c9       0x34 c:/users/mihay002/desktop/eclipse/plugins/fr.ac6.mcu.externaltools.arm-none.win32_1.16.0.201807130628/tools/compiler/bin/../lib/gcc/arm-none-eabi/7.2.1/../../../../arm-none-eabi/lib/thumb/v7e-m/fpv4-sp/hard\libc_nano.a(lib_a-init.o)
 .ARM.attributes
                0x000009fd       0x22 c:/users/mihay002/desktop/eclipse/plugins/fr.ac6.mcu.externaltools.arm-none.win32_1.16.0.201807130628/tools/compiler/bin/../lib/gcc/arm-none-eabi/7.2.1/thumb/v7e-m/fpv4-sp/hard/crtn.o
OUTPUT(DirMk1.elf elf32-littlearm)

.debug_info     0x00000000    0x26f60
 .debug_info    0x00000000     0x116d Drivers/STM32F4xx_HAL_Driver/Src/stm32f4xx_hal.o
 .debug_info    0x0000116d     0x16c5 Drivers/STM32F4xx_HAL_Driver/Src/stm32f4xx_hal_cortex.o
 .debug_info    0x00002832      0xfbb Drivers/STM32F4xx_HAL_Driver/Src/stm32f4xx_hal_gpio.o
 .debug_info    0x000037ed     0x197e Drivers/STM32F4xx_HAL_Driver/Src/stm32f4xx_hal_hcd.o
 .debug_info    0x0000516b     0x36df Drivers/STM32F4xx_HAL_Driver/Src/stm32f4xx_hal_i2c.o
 .debug_info    0x0000884a     0x17e7 Drivers/STM32F4xx_HAL_Driver/Src/stm32f4xx_hal_i2s.o
 .debug_info    0x0000a031     0x15f2 Drivers/STM32F4xx_HAL_Driver/Src/stm32f4xx_hal_i2s_ex.o
 .debug_info    0x0000b623     0x1285 Drivers/STM32F4xx_HAL_Driver/Src/stm32f4xx_hal_rcc.o
 .debug_info    0x0000c8a8      0xef4 Drivers/STM32F4xx_HAL_Driver/Src/stm32f4xx_hal_rcc_ex.o
 .debug_info    0x0000d79c     0x21ff Drivers/STM32F4xx_HAL_Driver/Src/stm32f4xx_hal_spi.o
 .debug_info    0x0000f99b     0x3687 Drivers/STM32F4xx_HAL_Driver/Src/stm32f4xx_hal_tim.o
 .debug_info    0x00013022     0x1b1d Drivers/STM32F4xx_HAL_Driver/Src/stm32f4xx_hal_tim_ex.o
 .debug_info    0x00014b3f     0x1f18 Drivers/STM32F4xx_HAL_Driver/Src/stm32f4xx_ll_usb.o
 .debug_info    0x00016a57     0x231e Middlewares/Third_Party/FreeRTOS/Source/CMSIS_RTOS/cmsis_os.o
 .debug_info    0x00018d75      0xacd Middlewares/Third_Party/FreeRTOS/Source/list.o
 .debug_info    0x00019842     0x2915 Middlewares/Third_Party/FreeRTOS/Source/tasks.o
 .debug_info    0x0001c157      0x532 Middlewares/Third_Party/FreeRTOS/Source/portable/GCC/ARM_CM4F/port.o
 .debug_info    0x0001c689      0xc71 Middlewares/Third_Party/FreeRTOS/Source/portable/MemMang/heap_4.o
 .debug_info    0x0001d2fa     0x124b Src/MadgwickAHRS.o
 .debug_info    0x0001e545     0x35cf Src/main.o
 .debug_info    0x00021b14     0x202d Src/stm32f4xx_hal_msp.o
 .debug_info    0x00023b41     0x1364 Src/stm32f4xx_hal_timebase_TIM.o
 .debug_info    0x00024ea5     0x1346 Src/stm32f4xx_it.o
 .debug_info    0x000261eb      0xd53 Src/system_stm32f4xx.o
 .debug_info    0x00026f3e       0x22 startup/startup_stm32f411xe.o

.debug_abbrev   0x00000000     0x4691
 .debug_abbrev  0x00000000      0x2e5 Drivers/STM32F4xx_HAL_Driver/Src/stm32f4xx_hal.o
 .debug_abbrev  0x000002e5      0x3d6 Drivers/STM32F4xx_HAL_Driver/Src/stm32f4xx_hal_cortex.o
 .debug_abbrev  0x000006bb      0x2a7 Drivers/STM32F4xx_HAL_Driver/Src/stm32f4xx_hal_gpio.o
 .debug_abbrev  0x00000962      0x30d Drivers/STM32F4xx_HAL_Driver/Src/stm32f4xx_hal_hcd.o
 .debug_abbrev  0x00000c6f      0x2fb Drivers/STM32F4xx_HAL_Driver/Src/stm32f4xx_hal_i2c.o
 .debug_abbrev  0x00000f6a      0x32c Drivers/STM32F4xx_HAL_Driver/Src/stm32f4xx_hal_i2s.o
 .debug_abbrev  0x00001296      0x31d Drivers/STM32F4xx_HAL_Driver/Src/stm32f4xx_hal_i2s_ex.o
 .debug_abbrev  0x000015b3      0x333 Drivers/STM32F4xx_HAL_Driver/Src/stm32f4xx_hal_rcc.o
 .debug_abbrev  0x000018e6      0x27b Drivers/STM32F4xx_HAL_Driver/Src/stm32f4xx_hal_rcc_ex.o
 .debug_abbrev  0x00001b61      0x2f2 Drivers/STM32F4xx_HAL_Driver/Src/stm32f4xx_hal_spi.o
 .debug_abbrev  0x00001e53      0x2e0 Drivers/STM32F4xx_HAL_Driver/Src/stm32f4xx_hal_tim.o
 .debug_abbrev  0x00002133      0x2e0 Drivers/STM32F4xx_HAL_Driver/Src/stm32f4xx_hal_tim_ex.o
 .debug_abbrev  0x00002413      0x306 Drivers/STM32F4xx_HAL_Driver/Src/stm32f4xx_ll_usb.o
 .debug_abbrev  0x00002719      0x3d4 Middlewares/Third_Party/FreeRTOS/Source/CMSIS_RTOS/cmsis_os.o
 .debug_abbrev  0x00002aed      0x21c Middlewares/Third_Party/FreeRTOS/Source/list.o
 .debug_abbrev  0x00002d09      0x3cf Middlewares/Third_Party/FreeRTOS/Source/tasks.o
 .debug_abbrev  0x000030d8      0x216 Middlewares/Third_Party/FreeRTOS/Source/portable/GCC/ARM_CM4F/port.o
 .debug_abbrev  0x000032ee      0x318 Middlewares/Third_Party/FreeRTOS/Source/portable/MemMang/heap_4.o
 .debug_abbrev  0x00003606      0x31e Src/MadgwickAHRS.o
 .debug_abbrev  0x00003924      0x3cb Src/main.o
 .debug_abbrev  0x00003cef      0x2a6 Src/stm32f4xx_hal_msp.o
 .debug_abbrev  0x00003f95      0x299 Src/stm32f4xx_hal_timebase_TIM.o
 .debug_abbrev  0x0000422e      0x24c Src/stm32f4xx_it.o
 .debug_abbrev  0x0000447a      0x205 Src/system_stm32f4xx.o
 .debug_abbrev  0x0000467f       0x12 startup/startup_stm32f411xe.o

.debug_loc      0x00000000    0x117e5
 .debug_loc     0x00000000       0xfd Drivers/STM32F4xx_HAL_Driver/Src/stm32f4xx_hal.o
 .debug_loc     0x000000fd      0x5ce Drivers/STM32F4xx_HAL_Driver/Src/stm32f4xx_hal_cortex.o
 .debug_loc     0x000006cb      0x469 Drivers/STM32F4xx_HAL_Driver/Src/stm32f4xx_hal_gpio.o
 .debug_loc     0x00000b34      0xb56 Drivers/STM32F4xx_HAL_Driver/Src/stm32f4xx_hal_hcd.o
 .debug_loc     0x0000168a     0x3145 Drivers/STM32F4xx_HAL_Driver/Src/stm32f4xx_hal_i2c.o
 .debug_loc     0x000047cf      0xed1 Drivers/STM32F4xx_HAL_Driver/Src/stm32f4xx_hal_i2s.o
 .debug_loc     0x000056a0      0xbb5 Drivers/STM32F4xx_HAL_Driver/Src/stm32f4xx_hal_i2s_ex.o
 .debug_loc     0x00006255      0x3f1 Drivers/STM32F4xx_HAL_Driver/Src/stm32f4xx_hal_rcc.o
 .debug_loc     0x00006646      0x2c7 Drivers/STM32F4xx_HAL_Driver/Src/stm32f4xx_hal_rcc_ex.o
 .debug_loc     0x0000690d     0x1937 Drivers/STM32F4xx_HAL_Driver/Src/stm32f4xx_hal_spi.o
 .debug_loc     0x00008244     0x3664 Drivers/STM32F4xx_HAL_Driver/Src/stm32f4xx_hal_tim.o
 .debug_loc     0x0000b8a8      0xefe Drivers/STM32F4xx_HAL_Driver/Src/stm32f4xx_hal_tim_ex.o
 .debug_loc     0x0000c7a6     0x1548 Drivers/STM32F4xx_HAL_Driver/Src/stm32f4xx_ll_usb.o
 .debug_loc     0x0000dcee      0xee1 Middlewares/Third_Party/FreeRTOS/Source/CMSIS_RTOS/cmsis_os.o
 .debug_loc     0x0000ebcf       0x70 Middlewares/Third_Party/FreeRTOS/Source/list.o
 .debug_loc     0x0000ec3f     0x11ef Middlewares/Third_Party/FreeRTOS/Source/tasks.o
 .debug_loc     0x0000fe2e       0xdc Middlewares/Third_Party/FreeRTOS/Source/portable/GCC/ARM_CM4F/port.o
 .debug_loc     0x0000ff0a      0x291 Middlewares/Third_Party/FreeRTOS/Source/portable/MemMang/heap_4.o
 .debug_loc     0x0001019b      0xe67 Src/MadgwickAHRS.o
 .debug_loc     0x00011002      0x484 Src/main.o
 .debug_loc     0x00011486      0x1b7 Src/stm32f4xx_hal_msp.o
 .debug_loc     0x0001163d       0x6a Src/stm32f4xx_hal_timebase_TIM.o
 .debug_loc     0x000116a7      0x13e Src/system_stm32f4xx.o

.debug_aranges  0x00000000     0x1680
 .debug_aranges
                0x00000000       0xe0 Drivers/STM32F4xx_HAL_Driver/Src/stm32f4xx_hal.o
 .debug_aranges
                0x000000e0       0xa8 Drivers/STM32F4xx_HAL_Driver/Src/stm32f4xx_hal_cortex.o
 .debug_aranges
                0x00000188       0x58 Drivers/STM32F4xx_HAL_Driver/Src/stm32f4xx_hal_gpio.o
 .debug_aranges
                0x000001e0       0xe0 Drivers/STM32F4xx_HAL_Driver/Src/stm32f4xx_hal_hcd.o
 .debug_aranges
                0x000002c0      0x268 Drivers/STM32F4xx_HAL_Driver/Src/stm32f4xx_hal_i2c.o
 .debug_aranges
                0x00000528      0x108 Drivers/STM32F4xx_HAL_Driver/Src/stm32f4xx_hal_i2s.o
 .debug_aranges
                0x00000630       0x78 Drivers/STM32F4xx_HAL_Driver/Src/stm32f4xx_hal_i2s_ex.o
 .debug_aranges
                0x000006a8       0x88 Drivers/STM32F4xx_HAL_Driver/Src/stm32f4xx_hal_rcc.o
 .debug_aranges
                0x00000730       0x50 Drivers/STM32F4xx_HAL_Driver/Src/stm32f4xx_hal_rcc_ex.o
 .debug_aranges
                0x00000780      0x1c8 Drivers/STM32F4xx_HAL_Driver/Src/stm32f4xx_hal_spi.o
 .debug_aranges
                0x00000948      0x368 Drivers/STM32F4xx_HAL_Driver/Src/stm32f4xx_hal_tim.o
 .debug_aranges
                0x00000cb0      0x140 Drivers/STM32F4xx_HAL_Driver/Src/stm32f4xx_hal_tim_ex.o
 .debug_aranges
                0x00000df0      0x180 Drivers/STM32F4xx_HAL_Driver/Src/stm32f4xx_ll_usb.o
 .debug_aranges
                0x00000f70      0x1d8 Middlewares/Third_Party/FreeRTOS/Source/CMSIS_RTOS/cmsis_os.o
 .debug_aranges
                0x00001148       0x40 Middlewares/Third_Party/FreeRTOS/Source/list.o
 .debug_aranges
                0x00001188      0x190 Middlewares/Third_Party/FreeRTOS/Source/tasks.o
 .debug_aranges
                0x00001318       0x80 Middlewares/Third_Party/FreeRTOS/Source/portable/GCC/ARM_CM4F/port.o
 .debug_aranges
                0x00001398       0x50 Middlewares/Third_Party/FreeRTOS/Source/portable/MemMang/heap_4.o
 .debug_aranges
                0x000013e8       0x40 Src/MadgwickAHRS.o
 .debug_aranges
                0x00001428      0x118 Src/main.o
 .debug_aranges
                0x00001540       0x60 Src/stm32f4xx_hal_msp.o
 .debug_aranges
                0x000015a0       0x30 Src/stm32f4xx_hal_timebase_TIM.o
 .debug_aranges
                0x000015d0       0x60 Src/stm32f4xx_it.o
 .debug_aranges
                0x00001630       0x28 Src/system_stm32f4xx.o
 .debug_aranges
                0x00001658       0x28 startup/startup_stm32f411xe.o

.debug_ranges   0x00000000     0x15f8
 .debug_ranges  0x00000000       0xd0 Drivers/STM32F4xx_HAL_Driver/Src/stm32f4xx_hal.o
 .debug_ranges  0x000000d0       0xf8 Drivers/STM32F4xx_HAL_Driver/Src/stm32f4xx_hal_cortex.o
 .debug_ranges  0x000001c8       0x48 Drivers/STM32F4xx_HAL_Driver/Src/stm32f4xx_hal_gpio.o
 .debug_ranges  0x00000210       0xd0 Drivers/STM32F4xx_HAL_Driver/Src/stm32f4xx_hal_hcd.o
 .debug_ranges  0x000002e0      0x258 Drivers/STM32F4xx_HAL_Driver/Src/stm32f4xx_hal_i2c.o
 .debug_ranges  0x00000538       0xf8 Drivers/STM32F4xx_HAL_Driver/Src/stm32f4xx_hal_i2s.o
 .debug_ranges  0x00000630       0x80 Drivers/STM32F4xx_HAL_Driver/Src/stm32f4xx_hal_i2s_ex.o
 .debug_ranges  0x000006b0       0x90 Drivers/STM32F4xx_HAL_Driver/Src/stm32f4xx_hal_rcc.o
 .debug_ranges  0x00000740       0x40 Drivers/STM32F4xx_HAL_Driver/Src/stm32f4xx_hal_rcc_ex.o
 .debug_ranges  0x00000780      0x1b8 Drivers/STM32F4xx_HAL_Driver/Src/stm32f4xx_hal_spi.o
 .debug_ranges  0x00000938      0x358 Drivers/STM32F4xx_HAL_Driver/Src/stm32f4xx_hal_tim.o
 .debug_ranges  0x00000c90      0x130 Drivers/STM32F4xx_HAL_Driver/Src/stm32f4xx_hal_tim_ex.o
 .debug_ranges  0x00000dc0      0x170 Drivers/STM32F4xx_HAL_Driver/Src/stm32f4xx_ll_usb.o
 .debug_ranges  0x00000f30      0x1c8 Middlewares/Third_Party/FreeRTOS/Source/CMSIS_RTOS/cmsis_os.o
 .debug_ranges  0x000010f8       0x30 Middlewares/Third_Party/FreeRTOS/Source/list.o
 .debug_ranges  0x00001128      0x1f0 Middlewares/Third_Party/FreeRTOS/Source/tasks.o
 .debug_ranges  0x00001318       0x70 Middlewares/Third_Party/FreeRTOS/Source/portable/GCC/ARM_CM4F/port.o
 .debug_ranges  0x00001388       0x40 Middlewares/Third_Party/FreeRTOS/Source/portable/MemMang/heap_4.o
 .debug_ranges  0x000013c8       0x30 Src/MadgwickAHRS.o
 .debug_ranges  0x000013f8      0x108 Src/main.o
 .debug_ranges  0x00001500       0x50 Src/stm32f4xx_hal_msp.o
 .debug_ranges  0x00001550       0x20 Src/stm32f4xx_hal_timebase_TIM.o
 .debug_ranges  0x00001570       0x50 Src/stm32f4xx_it.o
 .debug_ranges  0x000015c0       0x18 Src/system_stm32f4xx.o
 .debug_ranges  0x000015d8       0x20 startup/startup_stm32f411xe.o

.debug_macro    0x00000000    0x1ac70
 .debug_macro   0x00000000      0x3d1 Drivers/STM32F4xx_HAL_Driver/Src/stm32f4xx_hal.o
 .debug_macro   0x000003d1      0xa60 Drivers/STM32F4xx_HAL_Driver/Src/stm32f4xx_hal.o
 .debug_macro   0x00000e31      0x185 Drivers/STM32F4xx_HAL_Driver/Src/stm32f4xx_hal.o
 .debug_macro   0x00000fb6      0x192 Drivers/STM32F4xx_HAL_Driver/Src/stm32f4xx_hal.o
 .debug_macro   0x00001148       0x32 Drivers/STM32F4xx_HAL_Driver/Src/stm32f4xx_hal.o
 .debug_macro   0x0000117a       0x28 Drivers/STM32F4xx_HAL_Driver/Src/stm32f4xx_hal.o
 .debug_macro   0x000011a2       0x22 Drivers/STM32F4xx_HAL_Driver/Src/stm32f4xx_hal.o
 .debug_macro   0x000011c4       0x87 Drivers/STM32F4xx_HAL_Driver/Src/stm32f4xx_hal.o
 .debug_macro   0x0000124b       0x51 Drivers/STM32F4xx_HAL_Driver/Src/stm32f4xx_hal.o
 .debug_macro   0x0000129c       0xef Drivers/STM32F4xx_HAL_Driver/Src/stm32f4xx_hal.o
 .debug_macro   0x0000138b       0x6a Drivers/STM32F4xx_HAL_Driver/Src/stm32f4xx_hal.o
 .debug_macro   0x000013f5      0x1df Drivers/STM32F4xx_HAL_Driver/Src/stm32f4xx_hal.o
 .debug_macro   0x000015d4       0x35 Drivers/STM32F4xx_HAL_Driver/Src/stm32f4xx_hal.o
 .debug_macro   0x00001609       0x50 Drivers/STM32F4xx_HAL_Driver/Src/stm32f4xx_hal.o
 .debug_macro   0x00001659      0xe66 Drivers/STM32F4xx_HAL_Driver/Src/stm32f4xx_hal.o
 .debug_macro   0x000024bf     0xb803 Drivers/STM32F4xx_HAL_Driver/Src/stm32f4xx_hal.o
 .debug_macro   0x0000dcc2       0x43 Drivers/STM32F4xx_HAL_Driver/Src/stm32f4xx_hal.o
 .debug_macro   0x0000dd05     0x3535 Drivers/STM32F4xx_HAL_Driver/Src/stm32f4xx_hal.o
 .debug_macro   0x0001123a       0x58 Drivers/STM32F4xx_HAL_Driver/Src/stm32f4xx_hal.o
 .debug_macro   0x00011292       0x17 Drivers/STM32F4xx_HAL_Driver/Src/stm32f4xx_hal.o
 .debug_macro   0x000112a9       0x35 Drivers/STM32F4xx_HAL_Driver/Src/stm32f4xx_hal.o
 .debug_macro   0x000112de       0x9c Drivers/STM32F4xx_HAL_Driver/Src/stm32f4xx_hal.o
 .debug_macro   0x0001137a       0x16 Drivers/STM32F4xx_HAL_Driver/Src/stm32f4xx_hal.o
 .debug_macro   0x00011390       0x97 Drivers/STM32F4xx_HAL_Driver/Src/stm32f4xx_hal.o
 .debug_macro   0x00011427      0x330 Drivers/STM32F4xx_HAL_Driver/Src/stm32f4xx_hal.o
 .debug_macro   0x00011757       0xfd Drivers/STM32F4xx_HAL_Driver/Src/stm32f4xx_hal.o
 .debug_macro   0x00011854       0x10 Drivers/STM32F4xx_HAL_Driver/Src/stm32f4xx_hal.o
 .debug_macro   0x00011864       0x58 Drivers/STM32F4xx_HAL_Driver/Src/stm32f4xx_hal.o
 .debug_macro   0x000118bc       0x1f Drivers/STM32F4xx_HAL_Driver/Src/stm32f4xx_hal.o
 .debug_macro   0x000118db       0x43 Drivers/STM32F4xx_HAL_Driver/Src/stm32f4xx_hal.o
 .debug_macro   0x0001191e       0x20 Drivers/STM32F4xx_HAL_Driver/Src/stm32f4xx_hal.o
 .debug_macro   0x0001193e      0x18e Drivers/STM32F4xx_HAL_Driver/Src/stm32f4xx_hal.o
 .debug_macro   0x00011acc       0x10 Drivers/STM32F4xx_HAL_Driver/Src/stm32f4xx_hal.o
 .debug_macro   0x00011adc       0x1c Drivers/STM32F4xx_HAL_Driver/Src/stm32f4xx_hal.o
 .debug_macro   0x00011af8       0x52 Drivers/STM32F4xx_HAL_Driver/Src/stm32f4xx_hal.o
 .debug_macro   0x00011b4a       0x40 Drivers/STM32F4xx_HAL_Driver/Src/stm32f4xx_hal.o
 .debug_macro   0x00011b8a       0x10 Drivers/STM32F4xx_HAL_Driver/Src/stm32f4xx_hal.o
 .debug_macro   0x00011b9a       0x40 Drivers/STM32F4xx_HAL_Driver/Src/stm32f4xx_hal.o
 .debug_macro   0x00011bda       0xd7 Drivers/STM32F4xx_HAL_Driver/Src/stm32f4xx_hal.o
 .debug_macro   0x00011cb1       0x1c Drivers/STM32F4xx_HAL_Driver/Src/stm32f4xx_hal.o
 .debug_macro   0x00011ccd       0x3d Drivers/STM32F4xx_HAL_Driver/Src/stm32f4xx_hal.o
 .debug_macro   0x00011d0a       0x16 Drivers/STM32F4xx_HAL_Driver/Src/stm32f4xx_hal.o
 .debug_macro   0x00011d20      0x16f Drivers/STM32F4xx_HAL_Driver/Src/stm32f4xx_hal.o
 .debug_macro   0x00011e8f       0x50 Drivers/STM32F4xx_HAL_Driver/Src/stm32f4xx_hal.o
 .debug_macro   0x00011edf      0x447 Drivers/STM32F4xx_HAL_Driver/Src/stm32f4xx_hal.o
 .debug_macro   0x00012326      0xa02 Drivers/STM32F4xx_HAL_Driver/Src/stm32f4xx_hal.o
 .debug_macro   0x00012d28      0x11e Drivers/STM32F4xx_HAL_Driver/Src/stm32f4xx_hal.o
 .debug_macro   0x00012e46      0x11b Drivers/STM32F4xx_HAL_Driver/Src/stm32f4xx_hal.o
 .debug_macro   0x00012f61       0x27 Drivers/STM32F4xx_HAL_Driver/Src/stm32f4xx_hal.o
 .debug_macro   0x00012f88      0x287 Drivers/STM32F4xx_HAL_Driver/Src/stm32f4xx_hal.o
 .debug_macro   0x0001320f       0x5f Drivers/STM32F4xx_HAL_Driver/Src/stm32f4xx_hal.o
 .debug_macro   0x0001326e      0x23a Drivers/STM32F4xx_HAL_Driver/Src/stm32f4xx_hal.o
 .debug_macro   0x000134a8      0x13a Drivers/STM32F4xx_HAL_Driver/Src/stm32f4xx_hal.o
 .debug_macro   0x000135e2      0x264 Drivers/STM32F4xx_HAL_Driver/Src/stm32f4xx_hal.o
 .debug_macro   0x00013846       0x2e Drivers/STM32F4xx_HAL_Driver/Src/stm32f4xx_hal.o
 .debug_macro   0x00013874      0x1a7 Drivers/STM32F4xx_HAL_Driver/Src/stm32f4xx_hal.o
 .debug_macro   0x00013a1b       0x22 Drivers/STM32F4xx_HAL_Driver/Src/stm32f4xx_hal.o
 .debug_macro   0x00013a3d       0xa5 Drivers/STM32F4xx_HAL_Driver/Src/stm32f4xx_hal.o
 .debug_macro   0x00013ae2      0x192 Drivers/STM32F4xx_HAL_Driver/Src/stm32f4xx_hal.o
 .debug_macro   0x00013c74       0x40 Drivers/STM32F4xx_HAL_Driver/Src/stm32f4xx_hal.o
 .debug_macro   0x00013cb4       0x3c Drivers/STM32F4xx_HAL_Driver/Src/stm32f4xx_hal.o
 .debug_macro   0x00013cf0      0x11e Drivers/STM32F4xx_HAL_Driver/Src/stm32f4xx_hal.o
 .debug_macro   0x00013e0e       0x85 Drivers/STM32F4xx_HAL_Driver/Src/stm32f4xx_hal.o
 .debug_macro   0x00013e93       0x89 Drivers/STM32F4xx_HAL_Driver/Src/stm32f4xx_hal.o
 .debug_macro   0x00013f1c      0x202 Drivers/STM32F4xx_HAL_Driver/Src/stm32f4xx_hal.o
 .debug_macro   0x0001411e      0x6e0 Drivers/STM32F4xx_HAL_Driver/Src/stm32f4xx_hal.o
 .debug_macro   0x000147fe       0x59 Drivers/STM32F4xx_HAL_Driver/Src/stm32f4xx_hal.o
 .debug_macro   0x00014857      0x14d Drivers/STM32F4xx_HAL_Driver/Src/stm32f4xx_hal.o
 .debug_macro   0x000149a4      0x1df Drivers/STM32F4xx_HAL_Driver/Src/stm32f4xx_hal.o
 .debug_macro   0x00014b83       0x68 Drivers/STM32F4xx_HAL_Driver/Src/stm32f4xx_hal.o
 .debug_macro   0x00014beb      0x12d Drivers/STM32F4xx_HAL_Driver/Src/stm32f4xx_hal.o
 .debug_macro   0x00014d18      0x371 Drivers/STM32F4xx_HAL_Driver/Src/stm32f4xx_hal_cortex.o
 .debug_macro   0x00015089      0x3a9 Drivers/STM32F4xx_HAL_Driver/Src/stm32f4xx_hal_gpio.o
 .debug_macro   0x00015432      0x371 Drivers/STM32F4xx_HAL_Driver/Src/stm32f4xx_hal_hcd.o
 .debug_macro   0x000157a3      0x3b1 Drivers/STM32F4xx_HAL_Driver/Src/stm32f4xx_hal_i2c.o
 .debug_macro   0x00015b54      0x372 Drivers/STM32F4xx_HAL_Driver/Src/stm32f4xx_hal_i2s.o
 .debug_macro   0x00015ec6      0x371 Drivers/STM32F4xx_HAL_Driver/Src/stm32f4xx_hal_i2s_ex.o
 .debug_macro   0x00016237      0x395 Drivers/STM32F4xx_HAL_Driver/Src/stm32f4xx_hal_rcc.o
 .debug_macro   0x000165cc      0x371 Drivers/STM32F4xx_HAL_Driver/Src/stm32f4xx_hal_rcc_ex.o
 .debug_macro   0x0001693d      0x379 Drivers/STM32F4xx_HAL_Driver/Src/stm32f4xx_hal_spi.o
 .debug_macro   0x00016cb6      0x371 Drivers/STM32F4xx_HAL_Driver/Src/stm32f4xx_hal_tim.o
 .debug_macro   0x00017027      0x371 Drivers/STM32F4xx_HAL_Driver/Src/stm32f4xx_hal_tim_ex.o
 .debug_macro   0x00017398      0x378 Drivers/STM32F4xx_HAL_Driver/Src/stm32f4xx_ll_usb.o
 .debug_macro   0x00017710      0x1ed Middlewares/Third_Party/FreeRTOS/Source/CMSIS_RTOS/cmsis_os.o
 .debug_macro   0x000178fd       0x52 Middlewares/Third_Party/FreeRTOS/Source/CMSIS_RTOS/cmsis_os.o
 .debug_macro   0x0001794f       0x8d Middlewares/Third_Party/FreeRTOS/Source/CMSIS_RTOS/cmsis_os.o
 .debug_macro   0x000179dc      0x174 Middlewares/Third_Party/FreeRTOS/Source/CMSIS_RTOS/cmsis_os.o
 .debug_macro   0x00017b50       0x57 Middlewares/Third_Party/FreeRTOS/Source/CMSIS_RTOS/cmsis_os.o
 .debug_macro   0x00017ba7       0x10 Middlewares/Third_Party/FreeRTOS/Source/CMSIS_RTOS/cmsis_os.o
 .debug_macro   0x00017bb7       0x35 Middlewares/Third_Party/FreeRTOS/Source/CMSIS_RTOS/cmsis_os.o
 .debug_macro   0x00017bec       0xd8 Middlewares/Third_Party/FreeRTOS/Source/CMSIS_RTOS/cmsis_os.o
 .debug_macro   0x00017cc4      0x168 Middlewares/Third_Party/FreeRTOS/Source/CMSIS_RTOS/cmsis_os.o
 .debug_macro   0x00017e2c       0xe4 Middlewares/Third_Party/FreeRTOS/Source/CMSIS_RTOS/cmsis_os.o
 .debug_macro   0x00017f10       0x10 Middlewares/Third_Party/FreeRTOS/Source/CMSIS_RTOS/cmsis_os.o
 .debug_macro   0x00017f20       0x26 Middlewares/Third_Party/FreeRTOS/Source/CMSIS_RTOS/cmsis_os.o
 .debug_macro   0x00017f46      0x40f Middlewares/Third_Party/FreeRTOS/Source/CMSIS_RTOS/cmsis_os.o
 .debug_macro   0x00018355       0xc0 Middlewares/Third_Party/FreeRTOS/Source/CMSIS_RTOS/cmsis_os.o
 .debug_macro   0x00018415       0x8c Middlewares/Third_Party/FreeRTOS/Source/CMSIS_RTOS/cmsis_os.o
 .debug_macro   0x000184a1       0x91 Middlewares/Third_Party/FreeRTOS/Source/CMSIS_RTOS/cmsis_os.o
 .debug_macro   0x00018532       0x94 Middlewares/Third_Party/FreeRTOS/Source/CMSIS_RTOS/cmsis_os.o
 .debug_macro   0x000185c6       0x63 Middlewares/Third_Party/FreeRTOS/Source/CMSIS_RTOS/cmsis_os.o
 .debug_macro   0x00018629       0x19 Middlewares/Third_Party/FreeRTOS/Source/CMSIS_RTOS/cmsis_os.o
 .debug_macro   0x00018642       0xcf Middlewares/Third_Party/FreeRTOS/Source/CMSIS_RTOS/cmsis_os.o
 .debug_macro   0x00018711       0x26 Middlewares/Third_Party/FreeRTOS/Source/CMSIS_RTOS/cmsis_os.o
 .debug_macro   0x00018737      0x17b Middlewares/Third_Party/FreeRTOS/Source/list.o
 .debug_macro   0x000188b2      0x264 Middlewares/Third_Party/FreeRTOS/Source/tasks.o
 .debug_macro   0x00018b16       0x11 Middlewares/Third_Party/FreeRTOS/Source/tasks.o
 .debug_macro   0x00018b27      0x19e Middlewares/Third_Party/FreeRTOS/Source/portable/GCC/ARM_CM4F/port.o
 .debug_macro   0x00018cc5      0x1a2 Middlewares/Third_Party/FreeRTOS/Source/portable/MemMang/heap_4.o
 .debug_macro   0x00018e67       0xfd Src/MadgwickAHRS.o
 .debug_macro   0x00018f64      0x1e1 Src/MadgwickAHRS.o
 .debug_macro   0x00019145      0x458 Src/main.o
 .debug_macro   0x0001959d       0xd8 Src/main.o
 .debug_macro   0x00019675      0x30a Src/main.o
 .debug_macro   0x0001997f      0x469 Src/main.o
 .debug_macro   0x00019de8      0x371 Src/stm32f4xx_hal_msp.o
 .debug_macro   0x0001a159      0x371 Src/stm32f4xx_hal_timebase_TIM.o
 .debug_macro   0x0001a4ca      0x42f Src/stm32f4xx_it.o
 .debug_macro   0x0001a8f9      0x377 Src/system_stm32f4xx.o

.debug_line     0x00000000    0x125d2
 .debug_line    0x00000000      0xa6c Drivers/STM32F4xx_HAL_Driver/Src/stm32f4xx_hal.o
 .debug_line    0x00000a6c      0xac7 Drivers/STM32F4xx_HAL_Driver/Src/stm32f4xx_hal_cortex.o
 .debug_line    0x00001533      0x9f1 Drivers/STM32F4xx_HAL_Driver/Src/stm32f4xx_hal_gpio.o
 .debug_line    0x00001f24      0xc72 Drivers/STM32F4xx_HAL_Driver/Src/stm32f4xx_hal_hcd.o
 .debug_line    0x00002b96     0x1a10 Drivers/STM32F4xx_HAL_Driver/Src/stm32f4xx_hal_i2c.o
 .debug_line    0x000045a6      0xe4e Drivers/STM32F4xx_HAL_Driver/Src/stm32f4xx_hal_i2s.o
 .debug_line    0x000053f4      0xe9a Drivers/STM32F4xx_HAL_Driver/Src/stm32f4xx_hal_i2s_ex.o
 .debug_line    0x0000628e      0xb03 Drivers/STM32F4xx_HAL_Driver/Src/stm32f4xx_hal_rcc.o
 .debug_line    0x00006d91      0x9c1 Drivers/STM32F4xx_HAL_Driver/Src/stm32f4xx_hal_rcc_ex.o
 .debug_line    0x00007752     0x127f Drivers/STM32F4xx_HAL_Driver/Src/stm32f4xx_hal_spi.o
 .debug_line    0x000089d1     0x1869 Drivers/STM32F4xx_HAL_Driver/Src/stm32f4xx_hal_tim.o
 .debug_line    0x0000a23a      0xe47 Drivers/STM32F4xx_HAL_Driver/Src/stm32f4xx_hal_tim_ex.o
 .debug_line    0x0000b081      0xedc Drivers/STM32F4xx_HAL_Driver/Src/stm32f4xx_ll_usb.o
 .debug_line    0x0000bf5d      0xc05 Middlewares/Third_Party/FreeRTOS/Source/CMSIS_RTOS/cmsis_os.o
 .debug_line    0x0000cb62      0x59c Middlewares/Third_Party/FreeRTOS/Source/list.o
 .debug_line    0x0000d0fe      0xe38 Middlewares/Third_Party/FreeRTOS/Source/tasks.o
 .debug_line    0x0000df36      0x631 Middlewares/Third_Party/FreeRTOS/Source/portable/GCC/ARM_CM4F/port.o
 .debug_line    0x0000e567      0x64f Middlewares/Third_Party/FreeRTOS/Source/portable/MemMang/heap_4.o
 .debug_line    0x0000ebb6      0x4b1 Src/MadgwickAHRS.o
 .debug_line    0x0000f067      0xee6 Src/main.o
 .debug_line    0x0000ff4d      0x98e Src/stm32f4xx_hal_msp.o
 .debug_line    0x000108db      0x8bb Src/stm32f4xx_hal_timebase_TIM.o
 .debug_line    0x00011196      0xb0a Src/stm32f4xx_it.o
 .debug_line    0x00011ca0      0x8b3 Src/system_stm32f4xx.o
 .debug_line    0x00012553       0x7f startup/startup_stm32f411xe.o

.debug_str      0x00000000    0x97080
 .debug_str     0x00000000    0x878b1 Drivers/STM32F4xx_HAL_Driver/Src/stm32f4xx_hal.o
                              0x87c99 (size before relaxing)
 .debug_str     0x000878b1      0x39e Drivers/STM32F4xx_HAL_Driver/Src/stm32f4xx_hal_cortex.o
                              0x879c9 (size before relaxing)
 .debug_str     0x00087c4f      0x28c Drivers/STM32F4xx_HAL_Driver/Src/stm32f4xx_hal_gpio.o
                              0x874c6 (size before relaxing)
 .debug_str     0x00087edb      0x883 Drivers/STM32F4xx_HAL_Driver/Src/stm32f4xx_hal_hcd.o
                              0x879bb (size before relaxing)
 .debug_str     0x0008875e      0xecb Drivers/STM32F4xx_HAL_Driver/Src/stm32f4xx_hal_i2c.o
                              0x880bf (size before relaxing)
 .debug_str     0x00089629      0x41d Drivers/STM32F4xx_HAL_Driver/Src/stm32f4xx_hal_i2s.o
                              0x87827 (size before relaxing)
 .debug_str     0x00089a46      0x1d1 Drivers/STM32F4xx_HAL_Driver/Src/stm32f4xx_hal_i2s_ex.o
                              0x8775b (size before relaxing)
 .debug_str     0x00089c17      0x364 Drivers/STM32F4xx_HAL_Driver/Src/stm32f4xx_hal_rcc.o
                              0x87690 (size before relaxing)
 .debug_str     0x00089f7b      0x18f Drivers/STM32F4xx_HAL_Driver/Src/stm32f4xx_hal_rcc_ex.o
                              0x8740b (size before relaxing)
 .debug_str     0x0008a10a      0x61b Drivers/STM32F4xx_HAL_Driver/Src/stm32f4xx_hal_spi.o
                              0x87a9a (size before relaxing)
 .debug_str     0x0008a725      0xe82 Drivers/STM32F4xx_HAL_Driver/Src/stm32f4xx_hal_tim.o
                              0x882bc (size before relaxing)
 .debug_str     0x0008b5a7      0x4f4 Drivers/STM32F4xx_HAL_Driver/Src/stm32f4xx_hal_tim_ex.o
                              0x87b7c (size before relaxing)
 .debug_str     0x0008ba9b      0x462 Drivers/STM32F4xx_HAL_Driver/Src/stm32f4xx_ll_usb.o
                              0x87ab4 (size before relaxing)
 .debug_str     0x0008befd     0x5d2f Middlewares/Third_Party/FreeRTOS/Source/CMSIS_RTOS/cmsis_os.o
                               0xcb11 (size before relaxing)
 .debug_str     0x00091c2c      0x234 Middlewares/Third_Party/FreeRTOS/Source/list.o
                               0x9da1 (size before relaxing)
 .debug_str     0x00091e60     0x10b7 Middlewares/Third_Party/FreeRTOS/Source/tasks.o
                               0xbe34 (size before relaxing)
 .debug_str     0x00092f17      0x77c Middlewares/Third_Party/FreeRTOS/Source/portable/GCC/ARM_CM4F/port.o
                               0x7d45 (size before relaxing)
 .debug_str     0x00093693      0x243 Middlewares/Third_Party/FreeRTOS/Source/portable/MemMang/heap_4.o
                               0xa4e1 (size before relaxing)
 .debug_str     0x000938d6      0xa9c Src/MadgwickAHRS.o
                               0x6b85 (size before relaxing)
 .debug_str     0x00094372     0x2b3a Src/main.o
                              0x90ea4 (size before relaxing)
 .debug_str     0x00096eac       0x1b Src/stm32f4xx_hal_msp.o
                              0x88293 (size before relaxing)
 .debug_str     0x00096ec7       0x62 Src/stm32f4xx_hal_timebase_TIM.o
                              0x87b1c (size before relaxing)
 .debug_str     0x00096f29       0xcd Src/stm32f4xx_it.o
                              0x8cbcb (size before relaxing)
 .debug_str     0x00096ff6       0x5a Src/system_stm32f4xx.o
                              0x87282 (size before relaxing)
 .debug_str     0x00097050       0x30 startup/startup_stm32f411xe.o
                                 0x62 (size before relaxing)

.comment        0x00000000       0x7e
 .comment       0x00000000       0x7e Drivers/STM32F4xx_HAL_Driver/Src/stm32f4xx_hal.o
                                 0x7f (size before relaxing)
 .comment       0x0000007e       0x7f Drivers/STM32F4xx_HAL_Driver/Src/stm32f4xx_hal_cortex.o
 .comment       0x0000007e       0x7f Drivers/STM32F4xx_HAL_Driver/Src/stm32f4xx_hal_gpio.o
 .comment       0x0000007e       0x7f Drivers/STM32F4xx_HAL_Driver/Src/stm32f4xx_hal_hcd.o
 .comment       0x0000007e       0x7f Drivers/STM32F4xx_HAL_Driver/Src/stm32f4xx_hal_i2c.o
 .comment       0x0000007e       0x7f Drivers/STM32F4xx_HAL_Driver/Src/stm32f4xx_hal_i2s.o
 .comment       0x0000007e       0x7f Drivers/STM32F4xx_HAL_Driver/Src/stm32f4xx_hal_i2s_ex.o
 .comment       0x0000007e       0x7f Drivers/STM32F4xx_HAL_Driver/Src/stm32f4xx_hal_rcc.o
 .comment       0x0000007e       0x7f Drivers/STM32F4xx_HAL_Driver/Src/stm32f4xx_hal_rcc_ex.o
 .comment       0x0000007e       0x7f Drivers/STM32F4xx_HAL_Driver/Src/stm32f4xx_hal_spi.o
 .comment       0x0000007e       0x7f Drivers/STM32F4xx_HAL_Driver/Src/stm32f4xx_hal_tim.o
 .comment       0x0000007e       0x7f Drivers/STM32F4xx_HAL_Driver/Src/stm32f4xx_hal_tim_ex.o
 .comment       0x0000007e       0x7f Drivers/STM32F4xx_HAL_Driver/Src/stm32f4xx_ll_usb.o
 .comment       0x0000007e       0x7f Middlewares/Third_Party/FreeRTOS/Source/CMSIS_RTOS/cmsis_os.o
 .comment       0x0000007e       0x7f Middlewares/Third_Party/FreeRTOS/Source/list.o
 .comment       0x0000007e       0x7f Middlewares/Third_Party/FreeRTOS/Source/tasks.o